Performing XCC tests
Tue 16 Apr 2013 23:47:06 BST
ARG 0:xdbc://admin:admin@localhost:9093/
ARG 1:./docs/0001
ARG 2:1000
Using XCC to add 500 files 1000 times.
Entering loop 0 of 1000
Entering loop 1 of 1000
Entering loop 2 of 1000
Entering loop 3 of 1000
Entering loop 4 of 1000
Entering loop 5 of 1000
Entering loop 6 of 1000
Entering loop 7 of 1000
Entering loop 8 of 1000
Entering loop 9 of 1000
Entering loop 10 of 1000
Entering loop 11 of 1000
Entering loop 12 of 1000
Entering loop 13 of 1000
Entering loop 14 of 1000
Entering loop 15 of 1000
Entering loop 16 of 1000
Entering loop 17 of 1000
Entering loop 18 of 1000
Entering loop 19 of 1000
Entering loop 20 of 1000
Entering loop 21 of 1000
Entering loop 22 of 1000
Entering loop 23 of 1000
Entering loop 24 of 1000
Entering loop 25 of 1000
Entering loop 26 of 1000
Entering loop 27 of 1000
Entering loop 28 of 1000
Entering loop 29 of 1000
Entering loop 30 of 1000
Entering loop 31 of 1000
Entering loop 32 of 1000
Entering loop 33 of 1000
Entering loop 34 of 1000
Entering loop 35 of 1000
Entering loop 36 of 1000
Entering loop 37 of 1000
Entering loop 38 of 1000
Entering loop 39 of 1000
Entering loop 40 of 1000
Entering loop 41 of 1000
Entering loop 42 of 1000
Entering loop 43 of 1000
Entering loop 44 of 1000
Entering loop 45 of 1000
Entering loop 46 of 1000
Entering loop 47 of 1000
Entering loop 48 of 1000
Entering loop 49 of 1000
Entering loop 50 of 1000
Entering loop 51 of 1000
Entering loop 52 of 1000
Entering loop 53 of 1000
Entering loop 54 of 1000
Entering loop 55 of 1000
Entering loop 56 of 1000
Entering loop 57 of 1000
Entering loop 58 of 1000
Entering loop 59 of 1000
Entering loop 60 of 1000
Entering loop 61 of 1000
Entering loop 62 of 1000
Entering loop 63 of 1000
Entering loop 64 of 1000
Entering loop 65 of 1000
Entering loop 66 of 1000
Entering loop 67 of 1000
Entering loop 68 of 1000
Entering loop 69 of 1000
Entering loop 70 of 1000
Entering loop 71 of 1000
Entering loop 72 of 1000
Entering loop 73 of 1000
Entering loop 74 of 1000
Entering loop 75 of 1000
Entering loop 76 of 1000
Entering loop 77 of 1000
Entering loop 78 of 1000
Entering loop 79 of 1000
Entering loop 80 of 1000
Entering loop 81 of 1000
Entering loop 82 of 1000
Entering loop 83 of 1000
Entering loop 84 of 1000
Entering loop 85 of 1000
Entering loop 86 of 1000
Entering loop 87 of 1000
Entering loop 88 of 1000
Entering loop 89 of 1000
Entering loop 90 of 1000
Entering loop 91 of 1000
Entering loop 92 of 1000
Entering loop 93 of 1000
Entering loop 94 of 1000
Entering loop 95 of 1000
Entering loop 96 of 1000
Entering loop 97 of 1000
Entering loop 98 of 1000
Entering loop 99 of 1000
Entering loop 100 of 1000
Entering loop 101 of 1000
Entering loop 102 of 1000
Entering loop 103 of 1000
Entering loop 104 of 1000
Entering loop 105 of 1000
Entering loop 106 of 1000
Entering loop 107 of 1000
Entering loop 108 of 1000
Entering loop 109 of 1000
Entering loop 110 of 1000
Entering loop 111 of 1000
Entering loop 112 of 1000
Entering loop 113 of 1000
Entering loop 114 of 1000
Entering loop 115 of 1000
Entering loop 116 of 1000
Entering loop 117 of 1000
Entering loop 118 of 1000
Entering loop 119 of 1000
Entering loop 120 of 1000
Entering loop 121 of 1000
Entering loop 122 of 1000
Entering loop 123 of 1000
Entering loop 124 of 1000
Entering loop 125 of 1000
Entering loop 126 of 1000
Entering loop 127 of 1000
Entering loop 128 of 1000
Entering loop 129 of 1000
Entering loop 130 of 1000
Entering loop 131 of 1000
Entering loop 132 of 1000
Entering loop 133 of 1000
Entering loop 134 of 1000
Entering loop 135 of 1000
Entering loop 136 of 1000
Entering loop 137 of 1000
Entering loop 138 of 1000
Entering loop 139 of 1000
Entering loop 140 of 1000
Entering loop 141 of 1000
Entering loop 142 of 1000
Entering loop 143 of 1000
Entering loop 144 of 1000
Entering loop 145 of 1000
Entering loop 146 of 1000
Entering loop 147 of 1000
Entering loop 148 of 1000
Entering loop 149 of 1000
Entering loop 150 of 1000
Entering loop 151 of 1000
Entering loop 152 of 1000
Entering loop 153 of 1000
Entering loop 154 of 1000
Entering loop 155 of 1000
Entering loop 156 of 1000
Entering loop 157 of 1000
Entering loop 158 of 1000
Entering loop 159 of 1000
Entering loop 160 of 1000
Entering loop 161 of 1000
Entering loop 162 of 1000
Entering loop 163 of 1000
Entering loop 164 of 1000
Entering loop 165 of 1000
Entering loop 166 of 1000
Entering loop 167 of 1000
Entering loop 168 of 1000
Entering loop 169 of 1000
Entering loop 170 of 1000
Entering loop 171 of 1000
Entering loop 172 of 1000
Entering loop 173 of 1000
Entering loop 174 of 1000
Entering loop 175 of 1000
Entering loop 176 of 1000
Entering loop 177 of 1000
Entering loop 178 of 1000
Entering loop 179 of 1000
Entering loop 180 of 1000
Entering loop 181 of 1000
Entering loop 182 of 1000
Entering loop 183 of 1000
Entering loop 184 of 1000
Entering loop 185 of 1000
Entering loop 186 of 1000
Entering loop 187 of 1000
Entering loop 188 of 1000
Entering loop 189 of 1000
Entering loop 190 of 1000
Entering loop 191 of 1000
Entering loop 192 of 1000
Entering loop 193 of 1000
Entering loop 194 of 1000
Entering loop 195 of 1000
Entering loop 196 of 1000
Entering loop 197 of 1000
Entering loop 198 of 1000
Entering loop 199 of 1000
Entering loop 200 of 1000
Entering loop 201 of 1000
Entering loop 202 of 1000
Entering loop 203 of 1000
Entering loop 204 of 1000
Entering loop 205 of 1000
Entering loop 206 of 1000
Entering loop 207 of 1000
Entering loop 208 of 1000
Entering loop 209 of 1000
Entering loop 210 of 1000
Entering loop 211 of 1000
Entering loop 212 of 1000
Entering loop 213 of 1000
Entering loop 214 of 1000
Entering loop 215 of 1000
Entering loop 216 of 1000
Entering loop 217 of 1000
Entering loop 218 of 1000
Entering loop 219 of 1000
Entering loop 220 of 1000
Entering loop 221 of 1000
Entering loop 222 of 1000
Entering loop 223 of 1000
Entering loop 224 of 1000
Entering loop 225 of 1000
Entering loop 226 of 1000
Entering loop 227 of 1000
Entering loop 228 of 1000
Entering loop 229 of 1000
Entering loop 230 of 1000
Entering loop 231 of 1000
Entering loop 232 of 1000
Entering loop 233 of 1000
Entering loop 234 of 1000
Entering loop 235 of 1000
Entering loop 236 of 1000
Entering loop 237 of 1000
Entering loop 238 of 1000
Entering loop 239 of 1000
Entering loop 240 of 1000
Entering loop 241 of 1000
Entering loop 242 of 1000
Entering loop 243 of 1000
Entering loop 244 of 1000
Entering loop 245 of 1000
Entering loop 246 of 1000
Entering loop 247 of 1000
Entering loop 248 of 1000
Entering loop 249 of 1000
Entering loop 250 of 1000
Entering loop 251 of 1000
Entering loop 252 of 1000
Entering loop 253 of 1000
Entering loop 254 of 1000
Entering loop 255 of 1000
Entering loop 256 of 1000
Entering loop 257 of 1000
Entering loop 258 of 1000
Entering loop 259 of 1000
Entering loop 260 of 1000
Entering loop 261 of 1000
Entering loop 262 of 1000
Entering loop 263 of 1000
Entering loop 264 of 1000
Entering loop 265 of 1000
Entering loop 266 of 1000
Entering loop 267 of 1000
Entering loop 268 of 1000
Entering loop 269 of 1000
Entering loop 270 of 1000
Entering loop 271 of 1000
Entering loop 272 of 1000
Entering loop 273 of 1000
Entering loop 274 of 1000
Entering loop 275 of 1000
Entering loop 276 of 1000
Entering loop 277 of 1000
Entering loop 278 of 1000
Entering loop 279 of 1000
Entering loop 280 of 1000
Entering loop 281 of 1000
Entering loop 282 of 1000
Entering loop 283 of 1000
Entering loop 284 of 1000
Entering loop 285 of 1000
Entering loop 286 of 1000
Entering loop 287 of 1000
Entering loop 288 of 1000
Entering loop 289 of 1000
Entering loop 290 of 1000
Entering loop 291 of 1000
Entering loop 292 of 1000
Entering loop 293 of 1000
Entering loop 294 of 1000
Entering loop 295 of 1000
Entering loop 296 of 1000
Entering loop 297 of 1000
Entering loop 298 of 1000
Entering loop 299 of 1000
Entering loop 300 of 1000
Entering loop 301 of 1000
Entering loop 302 of 1000
Entering loop 303 of 1000
Entering loop 304 of 1000
Entering loop 305 of 1000
Entering loop 306 of 1000
Entering loop 307 of 1000
Entering loop 308 of 1000
Entering loop 309 of 1000
Entering loop 310 of 1000
Entering loop 311 of 1000
Entering loop 312 of 1000
Entering loop 313 of 1000
Entering loop 314 of 1000
Entering loop 315 of 1000
Entering loop 316 of 1000
Entering loop 317 of 1000
Entering loop 318 of 1000
Entering loop 319 of 1000
Entering loop 320 of 1000
Entering loop 321 of 1000
Entering loop 322 of 1000
Entering loop 323 of 1000
Entering loop 324 of 1000
Entering loop 325 of 1000
Entering loop 326 of 1000
Entering loop 327 of 1000
Entering loop 328 of 1000
Entering loop 329 of 1000
Entering loop 330 of 1000
Entering loop 331 of 1000
Entering loop 332 of 1000
Entering loop 333 of 1000
Entering loop 334 of 1000
Entering loop 335 of 1000
Entering loop 336 of 1000
Entering loop 337 of 1000
Entering loop 338 of 1000
Entering loop 339 of 1000
Entering loop 340 of 1000
Entering loop 341 of 1000
Entering loop 342 of 1000
Entering loop 343 of 1000
Entering loop 344 of 1000
Entering loop 345 of 1000
Entering loop 346 of 1000
Entering loop 347 of 1000
Entering loop 348 of 1000
Entering loop 349 of 1000
Entering loop 350 of 1000
Entering loop 351 of 1000
Entering loop 352 of 1000
Entering loop 353 of 1000
Entering loop 354 of 1000
Entering loop 355 of 1000
Entering loop 356 of 1000
Entering loop 357 of 1000
Entering loop 358 of 1000
Entering loop 359 of 1000
Entering loop 360 of 1000
Entering loop 361 of 1000
Entering loop 362 of 1000
Entering loop 363 of 1000
Entering loop 364 of 1000
Entering loop 365 of 1000
Entering loop 366 of 1000
Entering loop 367 of 1000
Entering loop 368 of 1000
Entering loop 369 of 1000
Entering loop 370 of 1000
Entering loop 371 of 1000
Entering loop 372 of 1000
Entering loop 373 of 1000
Entering loop 374 of 1000
Entering loop 375 of 1000
Entering loop 376 of 1000
Entering loop 377 of 1000
Entering loop 378 of 1000
Entering loop 379 of 1000
Entering loop 380 of 1000
Entering loop 381 of 1000
Entering loop 382 of 1000
Entering loop 383 of 1000
Entering loop 384 of 1000
Entering loop 385 of 1000
Entering loop 386 of 1000
Entering loop 387 of 1000
Entering loop 388 of 1000
Entering loop 389 of 1000
Entering loop 390 of 1000
Entering loop 391 of 1000
Entering loop 392 of 1000
Entering loop 393 of 1000
Entering loop 394 of 1000
Entering loop 395 of 1000
Entering loop 396 of 1000
Entering loop 397 of 1000
Entering loop 398 of 1000
Entering loop 399 of 1000
Entering loop 400 of 1000
Entering loop 401 of 1000
Entering loop 402 of 1000
Entering loop 403 of 1000
Entering loop 404 of 1000
Entering loop 405 of 1000
Entering loop 406 of 1000
Entering loop 407 of 1000
Entering loop 408 of 1000
Entering loop 409 of 1000
Entering loop 410 of 1000
Entering loop 411 of 1000
Entering loop 412 of 1000
Entering loop 413 of 1000
Entering loop 414 of 1000
Entering loop 415 of 1000
Entering loop 416 of 1000
Entering loop 417 of 1000
Entering loop 418 of 1000
Entering loop 419 of 1000
Entering loop 420 of 1000
Entering loop 421 of 1000
Entering loop 422 of 1000
Entering loop 423 of 1000
Entering loop 424 of 1000
Entering loop 425 of 1000
Entering loop 426 of 1000
Entering loop 427 of 1000
Entering loop 428 of 1000
Entering loop 429 of 1000
Entering loop 430 of 1000
Entering loop 431 of 1000
Entering loop 432 of 1000
Entering loop 433 of 1000
Entering loop 434 of 1000
Entering loop 435 of 1000
Entering loop 436 of 1000
Entering loop 437 of 1000
Entering loop 438 of 1000
Entering loop 439 of 1000
Entering loop 440 of 1000
Entering loop 441 of 1000
Entering loop 442 of 1000
Entering loop 443 of 1000
Entering loop 444 of 1000
Entering loop 445 of 1000
Entering loop 446 of 1000
Entering loop 447 of 1000
Entering loop 448 of 1000
Entering loop 449 of 1000
Entering loop 450 of 1000
Entering loop 451 of 1000
Entering loop 452 of 1000
Entering loop 453 of 1000
Entering loop 454 of 1000
Entering loop 455 of 1000
Entering loop 456 of 1000
Entering loop 457 of 1000
Entering loop 458 of 1000
Entering loop 459 of 1000
Entering loop 460 of 1000
Entering loop 461 of 1000
Entering loop 462 of 1000
Entering loop 463 of 1000
Entering loop 464 of 1000
Entering loop 465 of 1000
Entering loop 466 of 1000
Entering loop 467 of 1000
Entering loop 468 of 1000
Entering loop 469 of 1000
Entering loop 470 of 1000
Entering loop 471 of 1000
Entering loop 472 of 1000
Entering loop 473 of 1000
Entering loop 474 of 1000
Entering loop 475 of 1000
Entering loop 476 of 1000
Entering loop 477 of 1000
Entering loop 478 of 1000
Entering loop 479 of 1000
Entering loop 480 of 1000
Entering loop 481 of 1000
Entering loop 482 of 1000
Entering loop 483 of 1000
Entering loop 484 of 1000
Entering loop 485 of 1000
Entering loop 486 of 1000
Entering loop 487 of 1000
Entering loop 488 of 1000
Entering loop 489 of 1000
Entering loop 490 of 1000
Entering loop 491 of 1000
Entering loop 492 of 1000
Entering loop 493 of 1000
Entering loop 494 of 1000
Entering loop 495 of 1000
Entering loop 496 of 1000
Entering loop 497 of 1000
Entering loop 498 of 1000
Entering loop 499 of 1000
Entering loop 500 of 1000
Entering loop 501 of 1000
Entering loop 502 of 1000
Entering loop 503 of 1000
Entering loop 504 of 1000
Entering loop 505 of 1000
Entering loop 506 of 1000
Entering loop 507 of 1000
Entering loop 508 of 1000
Entering loop 509 of 1000
Entering loop 510 of 1000
Entering loop 511 of 1000
Entering loop 512 of 1000
Entering loop 513 of 1000
Entering loop 514 of 1000
Entering loop 515 of 1000
Entering loop 516 of 1000
Entering loop 517 of 1000
Entering loop 518 of 1000
Entering loop 519 of 1000
Entering loop 520 of 1000
Entering loop 521 of 1000
Entering loop 522 of 1000
Entering loop 523 of 1000
Entering loop 524 of 1000
Entering loop 525 of 1000
Entering loop 526 of 1000
Entering loop 527 of 1000
Entering loop 528 of 1000
Entering loop 529 of 1000
Entering loop 530 of 1000
Entering loop 531 of 1000
Entering loop 532 of 1000
Entering loop 533 of 1000
Entering loop 534 of 1000
Entering loop 535 of 1000
Entering loop 536 of 1000
Entering loop 537 of 1000
Entering loop 538 of 1000
Entering loop 539 of 1000
Entering loop 540 of 1000
Entering loop 541 of 1000
Entering loop 542 of 1000
Entering loop 543 of 1000
Entering loop 544 of 1000
Entering loop 545 of 1000
Entering loop 546 of 1000
Entering loop 547 of 1000
Entering loop 548 of 1000
Entering loop 549 of 1000
Entering loop 550 of 1000
Entering loop 551 of 1000
Entering loop 552 of 1000
Entering loop 553 of 1000
Entering loop 554 of 1000
Entering loop 555 of 1000
Entering loop 556 of 1000
Entering loop 557 of 1000
Entering loop 558 of 1000
Entering loop 559 of 1000
Entering loop 560 of 1000
Entering loop 561 of 1000
Entering loop 562 of 1000
Entering loop 563 of 1000
Entering loop 564 of 1000
Entering loop 565 of 1000
Entering loop 566 of 1000
Entering loop 567 of 1000
Entering loop 568 of 1000
Entering loop 569 of 1000
Entering loop 570 of 1000
Entering loop 571 of 1000
Entering loop 572 of 1000
Entering loop 573 of 1000
Entering loop 574 of 1000
Entering loop 575 of 1000
Entering loop 576 of 1000
Entering loop 577 of 1000
Entering loop 578 of 1000
Entering loop 579 of 1000
Entering loop 580 of 1000
Entering loop 581 of 1000
Entering loop 582 of 1000
Entering loop 583 of 1000
Entering loop 584 of 1000
Entering loop 585 of 1000
Entering loop 586 of 1000
Entering loop 587 of 1000
Entering loop 588 of 1000
Entering loop 589 of 1000
Entering loop 590 of 1000
Entering loop 591 of 1000
Entering loop 592 of 1000
Entering loop 593 of 1000
Entering loop 594 of 1000
Entering loop 595 of 1000
Entering loop 596 of 1000
Entering loop 597 of 1000
Entering loop 598 of 1000
Entering loop 599 of 1000
Entering loop 600 of 1000
Entering loop 601 of 1000
Entering loop 602 of 1000
Entering loop 603 of 1000
Entering loop 604 of 1000
Entering loop 605 of 1000
Entering loop 606 of 1000
Entering loop 607 of 1000
Entering loop 608 of 1000
Entering loop 609 of 1000
Entering loop 610 of 1000
Entering loop 611 of 1000
Entering loop 612 of 1000
Entering loop 613 of 1000
Entering loop 614 of 1000
Entering loop 615 of 1000
Entering loop 616 of 1000
Entering loop 617 of 1000
Entering loop 618 of 1000
Entering loop 619 of 1000
Entering loop 620 of 1000
Entering loop 621 of 1000
Entering loop 622 of 1000
Entering loop 623 of 1000
Entering loop 624 of 1000
Entering loop 625 of 1000
Entering loop 626 of 1000
Entering loop 627 of 1000
Entering loop 628 of 1000
Entering loop 629 of 1000
Entering loop 630 of 1000
Entering loop 631 of 1000
Entering loop 632 of 1000
Entering loop 633 of 1000
Entering loop 634 of 1000
Entering loop 635 of 1000
Entering loop 636 of 1000
Entering loop 637 of 1000
Entering loop 638 of 1000
Entering loop 639 of 1000
Entering loop 640 of 1000
Entering loop 641 of 1000
Entering loop 642 of 1000
Entering loop 643 of 1000
Entering loop 644 of 1000
Entering loop 645 of 1000
Entering loop 646 of 1000
Entering loop 647 of 1000
Entering loop 648 of 1000
Entering loop 649 of 1000
Entering loop 650 of 1000
Entering loop 651 of 1000
Entering loop 652 of 1000
Entering loop 653 of 1000
Entering loop 654 of 1000
Entering loop 655 of 1000
Entering loop 656 of 1000
Entering loop 657 of 1000
Entering loop 658 of 1000
Entering loop 659 of 1000
Entering loop 660 of 1000
Entering loop 661 of 1000
Entering loop 662 of 1000
Entering loop 663 of 1000
Entering loop 664 of 1000
Entering loop 665 of 1000
Entering loop 666 of 1000
Entering loop 667 of 1000
Entering loop 668 of 1000
Entering loop 669 of 1000
Entering loop 670 of 1000
Entering loop 671 of 1000
Entering loop 672 of 1000
Entering loop 673 of 1000
Entering loop 674 of 1000
Entering loop 675 of 1000
Entering loop 676 of 1000
Entering loop 677 of 1000
Entering loop 678 of 1000
Entering loop 679 of 1000
Entering loop 680 of 1000
Entering loop 681 of 1000
Entering loop 682 of 1000
Entering loop 683 of 1000
Entering loop 684 of 1000
Entering loop 685 of 1000
Entering loop 686 of 1000
Entering loop 687 of 1000
Entering loop 688 of 1000
Entering loop 689 of 1000
Entering loop 690 of 1000
Entering loop 691 of 1000
Entering loop 692 of 1000
Entering loop 693 of 1000
Entering loop 694 of 1000
Entering loop 695 of 1000
Entering loop 696 of 1000
Entering loop 697 of 1000
Entering loop 698 of 1000
Entering loop 699 of 1000
Entering loop 700 of 1000
Entering loop 701 of 1000
Entering loop 702 of 1000
Entering loop 703 of 1000
Entering loop 704 of 1000
Entering loop 705 of 1000
Entering loop 706 of 1000
Entering loop 707 of 1000
Entering loop 708 of 1000
Entering loop 709 of 1000
Entering loop 710 of 1000
Entering loop 711 of 1000
Entering loop 712 of 1000
Entering loop 713 of 1000
Entering loop 714 of 1000
Entering loop 715 of 1000
Entering loop 716 of 1000
Entering loop 717 of 1000
Entering loop 718 of 1000
Entering loop 719 of 1000
Entering loop 720 of 1000
Entering loop 721 of 1000
Entering loop 722 of 1000
Entering loop 723 of 1000
Entering loop 724 of 1000
Entering loop 725 of 1000
Entering loop 726 of 1000
Entering loop 727 of 1000
Entering loop 728 of 1000
Entering loop 729 of 1000
Entering loop 730 of 1000
Entering loop 731 of 1000
Entering loop 732 of 1000
Entering loop 733 of 1000
Entering loop 734 of 1000
Entering loop 735 of 1000
Entering loop 736 of 1000
Entering loop 737 of 1000
Entering loop 738 of 1000
Entering loop 739 of 1000
Entering loop 740 of 1000
Entering loop 741 of 1000
Entering loop 742 of 1000
Entering loop 743 of 1000
Entering loop 744 of 1000
Entering loop 745 of 1000
Entering loop 746 of 1000
Entering loop 747 of 1000
Entering loop 748 of 1000
Entering loop 749 of 1000
Entering loop 750 of 1000
Entering loop 751 of 1000
Entering loop 752 of 1000
Entering loop 753 of 1000
Entering loop 754 of 1000
Entering loop 755 of 1000
Entering loop 756 of 1000
Entering loop 757 of 1000
Entering loop 758 of 1000
Entering loop 759 of 1000
Entering loop 760 of 1000
Entering loop 761 of 1000
Entering loop 762 of 1000
Entering loop 763 of 1000
Entering loop 764 of 1000
Entering loop 765 of 1000
Entering loop 766 of 1000
Entering loop 767 of 1000
Entering loop 768 of 1000
Entering loop 769 of 1000
Entering loop 770 of 1000
Entering loop 771 of 1000
Entering loop 772 of 1000
Entering loop 773 of 1000
Entering loop 774 of 1000
Entering loop 775 of 1000
Entering loop 776 of 1000
Entering loop 777 of 1000
Entering loop 778 of 1000
Entering loop 779 of 1000
Entering loop 780 of 1000
Entering loop 781 of 1000
Entering loop 782 of 1000
Entering loop 783 of 1000
Entering loop 784 of 1000
Entering loop 785 of 1000
Entering loop 786 of 1000
Entering loop 787 of 1000
Entering loop 788 of 1000
Entering loop 789 of 1000
Entering loop 790 of 1000
Entering loop 791 of 1000
Entering loop 792 of 1000
Entering loop 793 of 1000
Entering loop 794 of 1000
Entering loop 795 of 1000
Entering loop 796 of 1000
Entering loop 797 of 1000
Entering loop 798 of 1000
Entering loop 799 of 1000
Entering loop 800 of 1000
Entering loop 801 of 1000
Entering loop 802 of 1000
Entering loop 803 of 1000
Entering loop 804 of 1000
Entering loop 805 of 1000
Entering loop 806 of 1000
Entering loop 807 of 1000
Entering loop 808 of 1000
Entering loop 809 of 1000
Entering loop 810 of 1000
Entering loop 811 of 1000
Entering loop 812 of 1000
Entering loop 813 of 1000
Entering loop 814 of 1000
Entering loop 815 of 1000
Entering loop 816 of 1000
Entering loop 817 of 1000
Entering loop 818 of 1000
Entering loop 819 of 1000
Entering loop 820 of 1000
Entering loop 821 of 1000
Entering loop 822 of 1000
Entering loop 823 of 1000
Entering loop 824 of 1000
Entering loop 825 of 1000
Entering loop 826 of 1000
Entering loop 827 of 1000
Entering loop 828 of 1000
Entering loop 829 of 1000
Entering loop 830 of 1000
Entering loop 831 of 1000
Entering loop 832 of 1000
Entering loop 833 of 1000
Entering loop 834 of 1000
Entering loop 835 of 1000
Entering loop 836 of 1000
Entering loop 837 of 1000
Entering loop 838 of 1000
Entering loop 839 of 1000
Entering loop 840 of 1000
Entering loop 841 of 1000
Entering loop 842 of 1000
Entering loop 843 of 1000
Entering loop 844 of 1000
Entering loop 845 of 1000
Entering loop 846 of 1000
Entering loop 847 of 1000
Entering loop 848 of 1000
Entering loop 849 of 1000
Entering loop 850 of 1000
Entering loop 851 of 1000
Entering loop 852 of 1000
Entering loop 853 of 1000
Entering loop 854 of 1000
Entering loop 855 of 1000
Entering loop 856 of 1000
Entering loop 857 of 1000
Entering loop 858 of 1000
Entering loop 859 of 1000
Entering loop 860 of 1000
Entering loop 861 of 1000
Entering loop 862 of 1000
Entering loop 863 of 1000
Entering loop 864 of 1000
Entering loop 865 of 1000
Entering loop 866 of 1000
Entering loop 867 of 1000
Entering loop 868 of 1000
Entering loop 869 of 1000
Entering loop 870 of 1000
Entering loop 871 of 1000
Entering loop 872 of 1000
Entering loop 873 of 1000
Entering loop 874 of 1000
Entering loop 875 of 1000
Entering loop 876 of 1000
Entering loop 877 of 1000
Entering loop 878 of 1000
Entering loop 879 of 1000
Entering loop 880 of 1000
Entering loop 881 of 1000
Entering loop 882 of 1000
Entering loop 883 of 1000
Entering loop 884 of 1000
Entering loop 885 of 1000
Entering loop 886 of 1000
Entering loop 887 of 1000
Entering loop 888 of 1000
Entering loop 889 of 1000
Entering loop 890 of 1000
Entering loop 891 of 1000
Entering loop 892 of 1000
Entering loop 893 of 1000
Entering loop 894 of 1000
Entering loop 895 of 1000
Entering loop 896 of 1000
Entering loop 897 of 1000
Entering loop 898 of 1000
Entering loop 899 of 1000
Entering loop 900 of 1000
Entering loop 901 of 1000
Entering loop 902 of 1000
Entering loop 903 of 1000
Entering loop 904 of 1000
Entering loop 905 of 1000
Entering loop 906 of 1000
Entering loop 907 of 1000
Entering loop 908 of 1000
Entering loop 909 of 1000
Entering loop 910 of 1000
Entering loop 911 of 1000
Entering loop 912 of 1000
Entering loop 913 of 1000
Entering loop 914 of 1000
Entering loop 915 of 1000
Entering loop 916 of 1000
Entering loop 917 of 1000
Entering loop 918 of 1000
Entering loop 919 of 1000
Entering loop 920 of 1000
Entering loop 921 of 1000
Entering loop 922 of 1000
Entering loop 923 of 1000
Entering loop 924 of 1000
Entering loop 925 of 1000
Entering loop 926 of 1000
Entering loop 927 of 1000
Entering loop 928 of 1000
Entering loop 929 of 1000
Entering loop 930 of 1000
Entering loop 931 of 1000
Entering loop 932 of 1000
Entering loop 933 of 1000
Entering loop 934 of 1000
Entering loop 935 of 1000
Entering loop 936 of 1000
Entering loop 937 of 1000
Entering loop 938 of 1000
Entering loop 939 of 1000
Entering loop 940 of 1000
Entering loop 941 of 1000
Entering loop 942 of 1000
Entering loop 943 of 1000
Entering loop 944 of 1000
Entering loop 945 of 1000
Entering loop 946 of 1000
Entering loop 947 of 1000
Entering loop 948 of 1000
Entering loop 949 of 1000
Entering loop 950 of 1000
Entering loop 951 of 1000
Entering loop 952 of 1000
Entering loop 953 of 1000
Entering loop 954 of 1000
Entering loop 955 of 1000
Entering loop 956 of 1000
Entering loop 957 of 1000
Entering loop 958 of 1000
Entering loop 959 of 1000
Entering loop 960 of 1000
Entering loop 961 of 1000
Entering loop 962 of 1000
Entering loop 963 of 1000
Entering loop 964 of 1000
Entering loop 965 of 1000
Entering loop 966 of 1000
Entering loop 967 of 1000
Entering loop 968 of 1000
Entering loop 969 of 1000
Entering loop 970 of 1000
Entering loop 971 of 1000
Entering loop 972 of 1000
Entering loop 973 of 1000
Entering loop 974 of 1000
Entering loop 975 of 1000
Entering loop 976 of 1000
Entering loop 977 of 1000
Entering loop 978 of 1000
Entering loop 979 of 1000
Entering loop 980 of 1000
Entering loop 981 of 1000
Entering loop 982 of 1000
Entering loop 983 of 1000
Entering loop 984 of 1000
Entering loop 985 of 1000
Entering loop 986 of 1000
Entering loop 987 of 1000
Entering loop 988 of 1000
Entering loop 989 of 1000
Entering loop 990 of 1000
Entering loop 991 of 1000
Entering loop 992 of 1000
Entering loop 993 of 1000
Entering loop 994 of 1000
Entering loop 995 of 1000
Entering loop 996 of 1000
Entering loop 997 of 1000
Entering loop 998 of 1000
Entering loop 999 of 1000
Done.
Tue 16 Apr 2013 23:55:20 BST
Completed XCC tests
Performing REST individual tests
Tue 16 Apr 2013 23:59:20 BST
ARG 0:localhost
ARG 1:9094
ARG 2:./docs/0001
ARG 3:1000
Using REST /v1/documents in parallel to add 500 files 1000 times.
Entering loop 0 of 1000
Entering loop 1 of 1000
Entering loop 2 of 1000
Entering loop 3 of 1000
Entering loop 4 of 1000
Entering loop 5 of 1000
Entering loop 6 of 1000
Entering loop 7 of 1000
Entering loop 8 of 1000
Entering loop 9 of 1000
Entering loop 10 of 1000
Entering loop 11 of 1000
Entering loop 12 of 1000
Entering loop 13 of 1000
Entering loop 14 of 1000
Entering loop 15 of 1000
Entering loop 16 of 1000
Entering loop 17 of 1000
Entering loop 18 of 1000
Entering loop 19 of 1000
Entering loop 20 of 1000
Entering loop 21 of 1000
Entering loop 22 of 1000
Entering loop 23 of 1000
Entering loop 24 of 1000
Entering loop 25 of 1000
Entering loop 26 of 1000
Entering loop 27 of 1000
Entering loop 28 of 1000
Entering loop 29 of 1000
Entering loop 30 of 1000
Entering loop 31 of 1000
Entering loop 32 of 1000
Entering loop 33 of 1000
Entering loop 34 of 1000
Entering loop 35 of 1000
Entering loop 36 of 1000
Entering loop 37 of 1000
Entering loop 38 of 1000
Entering loop 39 of 1000
Entering loop 40 of 1000
Entering loop 41 of 1000
Entering loop 42 of 1000
Entering loop 43 of 1000
Entering loop 44 of 1000
Entering loop 45 of 1000
Entering loop 46 of 1000
Entering loop 47 of 1000
Entering loop 48 of 1000
Entering loop 49 of 1000
Entering loop 50 of 1000
Entering loop 51 of 1000
Entering loop 52 of 1000
Entering loop 53 of 1000
Entering loop 54 of 1000
Entering loop 55 of 1000
Entering loop 56 of 1000
Entering loop 57 of 1000
Entering loop 58 of 1000
Entering loop 59 of 1000
Entering loop 60 of 1000
Entering loop 61 of 1000
Entering loop 62 of 1000
Entering loop 63 of 1000
Entering loop 64 of 1000
Entering loop 65 of 1000
Entering loop 66 of 1000
Entering loop 67 of 1000
Entering loop 68 of 1000
Entering loop 69 of 1000
Entering loop 70 of 1000
Entering loop 71 of 1000
Entering loop 72 of 1000
Entering loop 73 of 1000
Entering loop 74 of 1000
Entering loop 75 of 1000
Entering loop 76 of 1000
Entering loop 77 of 1000
Entering loop 78 of 1000
Entering loop 79 of 1000
Entering loop 80 of 1000
Entering loop 81 of 1000
Entering loop 82 of 1000
Entering loop 83 of 1000
Entering loop 84 of 1000
Entering loop 85 of 1000
Entering loop 86 of 1000
Entering loop 87 of 1000
Entering loop 88 of 1000
Entering loop 89 of 1000
Entering loop 90 of 1000
Entering loop 91 of 1000
Entering loop 92 of 1000
Entering loop 93 of 1000
Entering loop 94 of 1000
Entering loop 95 of 1000
Entering loop 96 of 1000
Entering loop 97 of 1000
Entering loop 98 of 1000
Entering loop 99 of 1000
Entering loop 100 of 1000
Entering loop 101 of 1000
Entering loop 102 of 1000
Entering loop 103 of 1000
Entering loop 104 of 1000
Entering loop 105 of 1000
Entering loop 106 of 1000
Entering loop 107 of 1000
Entering loop 108 of 1000
Entering loop 109 of 1000
Entering loop 110 of 1000
Entering loop 111 of 1000
Entering loop 112 of 1000
Entering loop 113 of 1000
Entering loop 114 of 1000
Entering loop 115 of 1000
Entering loop 116 of 1000
Entering loop 117 of 1000
Entering loop 118 of 1000
Entering loop 119 of 1000
Entering loop 120 of 1000
Entering loop 121 of 1000
Entering loop 122 of 1000
Entering loop 123 of 1000
Entering loop 124 of 1000
Entering loop 125 of 1000
Entering loop 126 of 1000
Entering loop 127 of 1000
Entering loop 128 of 1000
Entering loop 129 of 1000
Entering loop 130 of 1000
Entering loop 131 of 1000
Entering loop 132 of 1000
Entering loop 133 of 1000
Entering loop 134 of 1000
Entering loop 135 of 1000
Entering loop 136 of 1000
Entering loop 137 of 1000
Entering loop 138 of 1000
Entering loop 139 of 1000
Entering loop 140 of 1000
Entering loop 141 of 1000
Entering loop 142 of 1000
Entering loop 143 of 1000
Entering loop 144 of 1000
Entering loop 145 of 1000
Entering loop 146 of 1000
Entering loop 147 of 1000
Entering loop 148 of 1000
Entering loop 149 of 1000
Entering loop 150 of 1000
Entering loop 151 of 1000
Entering loop 152 of 1000
Entering loop 153 of 1000
Entering loop 154 of 1000
Entering loop 155 of 1000
Entering loop 156 of 1000
Entering loop 157 of 1000
Entering loop 158 of 1000
Entering loop 159 of 1000
Entering loop 160 of 1000
Entering loop 161 of 1000
Entering loop 162 of 1000
Entering loop 163 of 1000
Entering loop 164 of 1000
Entering loop 165 of 1000
Entering loop 166 of 1000
Entering loop 167 of 1000
Entering loop 168 of 1000
Entering loop 169 of 1000
Entering loop 170 of 1000
Entering loop 171 of 1000
Entering loop 172 of 1000
Entering loop 173 of 1000
Entering loop 174 of 1000
Entering loop 175 of 1000
Entering loop 176 of 1000
Entering loop 177 of 1000
Entering loop 178 of 1000
Entering loop 179 of 1000
Entering loop 180 of 1000
Entering loop 181 of 1000
Entering loop 182 of 1000
Entering loop 183 of 1000
Entering loop 184 of 1000
Entering loop 185 of 1000
Entering loop 186 of 1000
Entering loop 187 of 1000
Entering loop 188 of 1000
Entering loop 189 of 1000
Entering loop 190 of 1000
Entering loop 191 of 1000
Entering loop 192 of 1000
Entering loop 193 of 1000
Entering loop 194 of 1000
Entering loop 195 of 1000
Entering loop 196 of 1000
Entering loop 197 of 1000
Entering loop 198 of 1000
Entering loop 199 of 1000
Entering loop 200 of 1000
Entering loop 201 of 1000
Entering loop 202 of 1000
Entering loop 203 of 1000
Entering loop 204 of 1000
Entering loop 205 of 1000
Entering loop 206 of 1000
Entering loop 207 of 1000
Entering loop 208 of 1000
Entering loop 209 of 1000
Entering loop 210 of 1000
Entering loop 211 of 1000
Entering loop 212 of 1000
Entering loop 213 of 1000
Entering loop 214 of 1000
Entering loop 215 of 1000
Entering loop 216 of 1000
Entering loop 217 of 1000
Entering loop 218 of 1000
Entering loop 219 of 1000
Entering loop 220 of 1000
Entering loop 221 of 1000
Entering loop 222 of 1000
Entering loop 223 of 1000
Entering loop 224 of 1000
Entering loop 225 of 1000
Entering loop 226 of 1000
Entering loop 227 of 1000
Entering loop 228 of 1000
Entering loop 229 of 1000
Entering loop 230 of 1000
Entering loop 231 of 1000
Entering loop 232 of 1000
Entering loop 233 of 1000
Entering loop 234 of 1000
Entering loop 235 of 1000
Entering loop 236 of 1000
Entering loop 237 of 1000
Entering loop 238 of 1000
Entering loop 239 of 1000
Entering loop 240 of 1000
Entering loop 241 of 1000
Entering loop 242 of 1000
Entering loop 243 of 1000
Entering loop 244 of 1000
Entering loop 245 of 1000
Entering loop 246 of 1000
Entering loop 247 of 1000
Entering loop 248 of 1000
Entering loop 249 of 1000
Entering loop 250 of 1000
Entering loop 251 of 1000
Entering loop 252 of 1000
Entering loop 253 of 1000
Entering loop 254 of 1000
Entering loop 255 of 1000
Entering loop 256 of 1000
Entering loop 257 of 1000
Entering loop 258 of 1000
Entering loop 259 of 1000
Entering loop 260 of 1000
Entering loop 261 of 1000
Entering loop 262 of 1000
Entering loop 263 of 1000
Entering loop 264 of 1000
Entering loop 265 of 1000
Entering loop 266 of 1000
Entering loop 267 of 1000
Entering loop 268 of 1000
Entering loop 269 of 1000
Entering loop 270 of 1000
Entering loop 271 of 1000
Entering loop 272 of 1000
Entering loop 273 of 1000
Entering loop 274 of 1000
Entering loop 275 of 1000
Entering loop 276 of 1000
Entering loop 277 of 1000
Entering loop 278 of 1000
Entering loop 279 of 1000
Entering loop 280 of 1000
Entering loop 281 of 1000
Entering loop 282 of 1000
Entering loop 283 of 1000
Entering loop 284 of 1000
Entering loop 285 of 1000
Entering loop 286 of 1000
Entering loop 287 of 1000
Entering loop 288 of 1000
Entering loop 289 of 1000
Entering loop 290 of 1000
Entering loop 291 of 1000
Entering loop 292 of 1000
Entering loop 293 of 1000
Entering loop 294 of 1000
Entering loop 295 of 1000
Entering loop 296 of 1000
Entering loop 297 of 1000
Entering loop 298 of 1000
Entering loop 299 of 1000
Entering loop 300 of 1000
Entering loop 301 of 1000
Entering loop 302 of 1000
Entering loop 303 of 1000
Entering loop 304 of 1000
Entering loop 305 of 1000
Entering loop 306 of 1000
Entering loop 307 of 1000
Entering loop 308 of 1000
Entering loop 309 of 1000
Entering loop 310 of 1000
Entering loop 311 of 1000
Entering loop 312 of 1000
Entering loop 313 of 1000
Entering loop 314 of 1000
Entering loop 315 of 1000
Entering loop 316 of 1000
Entering loop 317 of 1000
Entering loop 318 of 1000
Entering loop 319 of 1000
Entering loop 320 of 1000
Entering loop 321 of 1000
Entering loop 322 of 1000
Entering loop 323 of 1000
Entering loop 324 of 1000
Entering loop 325 of 1000
Entering loop 326 of 1000
Entering loop 327 of 1000
Entering loop 328 of 1000
Entering loop 329 of 1000
Entering loop 330 of 1000
Entering loop 331 of 1000
Entering loop 332 of 1000
Entering loop 333 of 1000
Entering loop 334 of 1000
Entering loop 335 of 1000
Entering loop 336 of 1000
Entering loop 337 of 1000
Entering loop 338 of 1000
Entering loop 339 of 1000
Entering loop 340 of 1000
Entering loop 341 of 1000
Entering loop 342 of 1000
Entering loop 343 of 1000
Entering loop 344 of 1000
Entering loop 345 of 1000
Entering loop 346 of 1000
Entering loop 347 of 1000
Entering loop 348 of 1000
Entering loop 349 of 1000
Entering loop 350 of 1000
Entering loop 351 of 1000
Entering loop 352 of 1000
Entering loop 353 of 1000
Entering loop 354 of 1000
Entering loop 355 of 1000
Entering loop 356 of 1000
Entering loop 357 of 1000
Entering loop 358 of 1000
Entering loop 359 of 1000
Entering loop 360 of 1000
Entering loop 361 of 1000
Entering loop 362 of 1000
Entering loop 363 of 1000
Entering loop 364 of 1000
Entering loop 365 of 1000
Entering loop 366 of 1000
Entering loop 367 of 1000
Entering loop 368 of 1000
Entering loop 369 of 1000
Entering loop 370 of 1000
Entering loop 371 of 1000
Entering loop 372 of 1000
Entering loop 373 of 1000
Entering loop 374 of 1000
Entering loop 375 of 1000
Entering loop 376 of 1000
Entering loop 377 of 1000
Entering loop 378 of 1000
Entering loop 379 of 1000
Entering loop 380 of 1000
Entering loop 381 of 1000
Entering loop 382 of 1000
Entering loop 383 of 1000
Entering loop 384 of 1000
Entering loop 385 of 1000
Entering loop 386 of 1000
Entering loop 387 of 1000
Entering loop 388 of 1000
Entering loop 389 of 1000
Entering loop 390 of 1000
Entering loop 391 of 1000
Entering loop 392 of 1000
Entering loop 393 of 1000
Entering loop 394 of 1000
Entering loop 395 of 1000
Entering loop 396 of 1000
Entering loop 397 of 1000
Entering loop 398 of 1000
Entering loop 399 of 1000
Entering loop 400 of 1000
Entering loop 401 of 1000
Entering loop 402 of 1000
Entering loop 403 of 1000
Entering loop 404 of 1000
Entering loop 405 of 1000
Entering loop 406 of 1000
Entering loop 407 of 1000
Entering loop 408 of 1000
Entering loop 409 of 1000
Entering loop 410 of 1000
Entering loop 411 of 1000
Entering loop 412 of 1000
Entering loop 413 of 1000
Entering loop 414 of 1000
Entering loop 415 of 1000
Entering loop 416 of 1000
Entering loop 417 of 1000
Entering loop 418 of 1000
Entering loop 419 of 1000
Entering loop 420 of 1000
Entering loop 421 of 1000
Entering loop 422 of 1000
Entering loop 423 of 1000
Entering loop 424 of 1000
Entering loop 425 of 1000
Entering loop 426 of 1000
Entering loop 427 of 1000
Entering loop 428 of 1000
Entering loop 429 of 1000
Entering loop 430 of 1000
Entering loop 431 of 1000
Entering loop 432 of 1000
Entering loop 433 of 1000
Entering loop 434 of 1000
Entering loop 435 of 1000
Entering loop 436 of 1000
Entering loop 437 of 1000
Entering loop 438 of 1000
Entering loop 439 of 1000
Entering loop 440 of 1000
Entering loop 441 of 1000
Entering loop 442 of 1000
Entering loop 443 of 1000
Entering loop 444 of 1000
Entering loop 445 of 1000
Entering loop 446 of 1000
Entering loop 447 of 1000
Entering loop 448 of 1000
Entering loop 449 of 1000
Entering loop 450 of 1000
Entering loop 451 of 1000
Entering loop 452 of 1000
Entering loop 453 of 1000
Entering loop 454 of 1000
Entering loop 455 of 1000
Entering loop 456 of 1000
Entering loop 457 of 1000
Entering loop 458 of 1000
Entering loop 459 of 1000
Entering loop 460 of 1000
Entering loop 461 of 1000
Entering loop 462 of 1000
Entering loop 463 of 1000
Entering loop 464 of 1000
Entering loop 465 of 1000
Entering loop 466 of 1000
Entering loop 467 of 1000
Entering loop 468 of 1000
Entering loop 469 of 1000
Entering loop 470 of 1000
Entering loop 471 of 1000
Entering loop 472 of 1000
Entering loop 473 of 1000
Entering loop 474 of 1000
Entering loop 475 of 1000
Entering loop 476 of 1000
Entering loop 477 of 1000
Entering loop 478 of 1000
Entering loop 479 of 1000
Entering loop 480 of 1000
Entering loop 481 of 1000
Entering loop 482 of 1000
Entering loop 483 of 1000
Entering loop 484 of 1000
Entering loop 485 of 1000
Entering loop 486 of 1000
Entering loop 487 of 1000
Entering loop 488 of 1000
Entering loop 489 of 1000
Entering loop 490 of 1000
Entering loop 491 of 1000
Entering loop 492 of 1000
Entering loop 493 of 1000
Entering loop 494 of 1000
Entering loop 495 of 1000
Entering loop 496 of 1000
Entering loop 497 of 1000
Entering loop 498 of 1000
Entering loop 499 of 1000
Entering loop 500 of 1000
Entering loop 501 of 1000
Entering loop 502 of 1000
Entering loop 503 of 1000
Entering loop 504 of 1000
Entering loop 505 of 1000
Entering loop 506 of 1000
Entering loop 507 of 1000
Entering loop 508 of 1000
Entering loop 509 of 1000
Entering loop 510 of 1000
Entering loop 511 of 1000
Entering loop 512 of 1000
Entering loop 513 of 1000
Entering loop 514 of 1000
Entering loop 515 of 1000
Entering loop 516 of 1000
Entering loop 517 of 1000
Entering loop 518 of 1000
Entering loop 519 of 1000
Entering loop 520 of 1000
Entering loop 521 of 1000
Entering loop 522 of 1000
Entering loop 523 of 1000
Entering loop 524 of 1000
Entering loop 525 of 1000
Entering loop 526 of 1000
Entering loop 527 of 1000
Entering loop 528 of 1000
Entering loop 529 of 1000
Entering loop 530 of 1000
Entering loop 531 of 1000
Entering loop 532 of 1000
Entering loop 533 of 1000
Entering loop 534 of 1000
Entering loop 535 of 1000
Entering loop 536 of 1000
Entering loop 537 of 1000
Entering loop 538 of 1000
Entering loop 539 of 1000
Entering loop 540 of 1000
Entering loop 541 of 1000
Entering loop 542 of 1000
Entering loop 543 of 1000
Entering loop 544 of 1000
Entering loop 545 of 1000
Entering loop 546 of 1000
Entering loop 547 of 1000
Entering loop 548 of 1000
Entering loop 549 of 1000
Entering loop 550 of 1000
Entering loop 551 of 1000
Entering loop 552 of 1000
Entering loop 553 of 1000
Entering loop 554 of 1000
Entering loop 555 of 1000
Entering loop 556 of 1000
Entering loop 557 of 1000
Entering loop 558 of 1000
Entering loop 559 of 1000
Entering loop 560 of 1000
Entering loop 561 of 1000
Entering loop 562 of 1000
Entering loop 563 of 1000
Entering loop 564 of 1000
Entering loop 565 of 1000
Entering loop 566 of 1000
Entering loop 567 of 1000
Entering loop 568 of 1000
Entering loop 569 of 1000
Entering loop 570 of 1000
Entering loop 571 of 1000
Entering loop 572 of 1000
Entering loop 573 of 1000
Entering loop 574 of 1000
Entering loop 575 of 1000
Entering loop 576 of 1000
Entering loop 577 of 1000
Entering loop 578 of 1000
Entering loop 579 of 1000
Entering loop 580 of 1000
Entering loop 581 of 1000
Entering loop 582 of 1000
Entering loop 583 of 1000
Entering loop 584 of 1000
Entering loop 585 of 1000
Entering loop 586 of 1000
Entering loop 587 of 1000
Entering loop 588 of 1000
Entering loop 589 of 1000
Entering loop 590 of 1000
Entering loop 591 of 1000
Entering loop 592 of 1000
Entering loop 593 of 1000
Entering loop 594 of 1000
Entering loop 595 of 1000
Entering loop 596 of 1000
Entering loop 597 of 1000
Entering loop 598 of 1000
Entering loop 599 of 1000
Entering loop 600 of 1000
Entering loop 601 of 1000
Entering loop 602 of 1000
Entering loop 603 of 1000
Entering loop 604 of 1000
Entering loop 605 of 1000
Entering loop 606 of 1000
Entering loop 607 of 1000
Entering loop 608 of 1000
Entering loop 609 of 1000
Entering loop 610 of 1000
Entering loop 611 of 1000
Entering loop 612 of 1000
Entering loop 613 of 1000
Entering loop 614 of 1000
Entering loop 615 of 1000
Entering loop 616 of 1000
Entering loop 617 of 1000
Entering loop 618 of 1000
Entering loop 619 of 1000
Entering loop 620 of 1000
Entering loop 621 of 1000
Entering loop 622 of 1000
Entering loop 623 of 1000
Entering loop 624 of 1000
Entering loop 625 of 1000
Entering loop 626 of 1000
Entering loop 627 of 1000
Entering loop 628 of 1000
Entering loop 629 of 1000
Entering loop 630 of 1000
Entering loop 631 of 1000
Entering loop 632 of 1000
Entering loop 633 of 1000
Entering loop 634 of 1000
Entering loop 635 of 1000
Entering loop 636 of 1000
Entering loop 637 of 1000
Entering loop 638 of 1000
Entering loop 639 of 1000
Entering loop 640 of 1000
Entering loop 641 of 1000
Entering loop 642 of 1000
Entering loop 643 of 1000
Entering loop 644 of 1000
Entering loop 645 of 1000
Entering loop 646 of 1000
Entering loop 647 of 1000
Entering loop 648 of 1000
Entering loop 649 of 1000
Entering loop 650 of 1000
Entering loop 651 of 1000
Entering loop 652 of 1000
Entering loop 653 of 1000
Entering loop 654 of 1000
Entering loop 655 of 1000
Entering loop 656 of 1000
Entering loop 657 of 1000
Entering loop 658 of 1000
Entering loop 659 of 1000
Entering loop 660 of 1000
Entering loop 661 of 1000
Entering loop 662 of 1000
Entering loop 663 of 1000
Entering loop 664 of 1000
Entering loop 665 of 1000
Entering loop 666 of 1000
Entering loop 667 of 1000
Entering loop 668 of 1000
Entering loop 669 of 1000
Entering loop 670 of 1000
Entering loop 671 of 1000
Entering loop 672 of 1000
Entering loop 673 of 1000
Entering loop 674 of 1000
Entering loop 675 of 1000
Entering loop 676 of 1000
Entering loop 677 of 1000
Entering loop 678 of 1000
Entering loop 679 of 1000
Entering loop 680 of 1000
Entering loop 681 of 1000
Entering loop 682 of 1000
Entering loop 683 of 1000
Entering loop 684 of 1000
Entering loop 685 of 1000
Entering loop 686 of 1000
Entering loop 687 of 1000
Entering loop 688 of 1000
Entering loop 689 of 1000
Entering loop 690 of 1000
Entering loop 691 of 1000
Entering loop 692 of 1000
Entering loop 693 of 1000
Entering loop 694 of 1000
Entering loop 695 of 1000
Entering loop 696 of 1000
Entering loop 697 of 1000
Entering loop 698 of 1000
Entering loop 699 of 1000
Entering loop 700 of 1000
Entering loop 701 of 1000
Entering loop 702 of 1000
Entering loop 703 of 1000
Entering loop 704 of 1000
Entering loop 705 of 1000
Entering loop 706 of 1000
Entering loop 707 of 1000
Entering loop 708 of 1000
Entering loop 709 of 1000
Entering loop 710 of 1000
Entering loop 711 of 1000
Entering loop 712 of 1000
Entering loop 713 of 1000
Entering loop 714 of 1000
Entering loop 715 of 1000
Entering loop 716 of 1000
Entering loop 717 of 1000
Entering loop 718 of 1000
Entering loop 719 of 1000
Entering loop 720 of 1000
Entering loop 721 of 1000
Entering loop 722 of 1000
Entering loop 723 of 1000
Entering loop 724 of 1000
Entering loop 725 of 1000
Entering loop 726 of 1000
Entering loop 727 of 1000
Entering loop 728 of 1000
Entering loop 729 of 1000
Entering loop 730 of 1000
Entering loop 731 of 1000
Entering loop 732 of 1000
Entering loop 733 of 1000
Entering loop 734 of 1000
Entering loop 735 of 1000
Entering loop 736 of 1000
Entering loop 737 of 1000
Entering loop 738 of 1000
Entering loop 739 of 1000
Entering loop 740 of 1000
Entering loop 741 of 1000
Entering loop 742 of 1000
Entering loop 743 of 1000
Entering loop 744 of 1000
Entering loop 745 of 1000
Entering loop 746 of 1000
Entering loop 747 of 1000
Entering loop 748 of 1000
Entering loop 749 of 1000
Entering loop 750 of 1000
Entering loop 751 of 1000
Entering loop 752 of 1000
Entering loop 753 of 1000
Entering loop 754 of 1000
Entering loop 755 of 1000
Entering loop 756 of 1000
Entering loop 757 of 1000
Entering loop 758 of 1000
Entering loop 759 of 1000
Entering loop 760 of 1000
Entering loop 761 of 1000
Entering loop 762 of 1000
Entering loop 763 of 1000
Entering loop 764 of 1000
Entering loop 765 of 1000
Entering loop 766 of 1000
Entering loop 767 of 1000
Entering loop 768 of 1000
Entering loop 769 of 1000
Entering loop 770 of 1000
Entering loop 771 of 1000
Entering loop 772 of 1000
Entering loop 773 of 1000
Entering loop 774 of 1000
Entering loop 775 of 1000
Entering loop 776 of 1000
Entering loop 777 of 1000
Entering loop 778 of 1000
Entering loop 779 of 1000
Entering loop 780 of 1000
Entering loop 781 of 1000
Entering loop 782 of 1000
Entering loop 783 of 1000
Entering loop 784 of 1000
Entering loop 785 of 1000
Entering loop 786 of 1000
Entering loop 787 of 1000
Entering loop 788 of 1000
Entering loop 789 of 1000
Entering loop 790 of 1000
Entering loop 791 of 1000
Entering loop 792 of 1000
Entering loop 793 of 1000
Entering loop 794 of 1000
Entering loop 795 of 1000
Entering loop 796 of 1000
Entering loop 797 of 1000
Entering loop 798 of 1000
Entering loop 799 of 1000
Entering loop 800 of 1000
Entering loop 801 of 1000
Entering loop 802 of 1000
Entering loop 803 of 1000
Entering loop 804 of 1000
Entering loop 805 of 1000
Entering loop 806 of 1000
Entering loop 807 of 1000
Entering loop 808 of 1000
Entering loop 809 of 1000
Entering loop 810 of 1000
Entering loop 811 of 1000
Entering loop 812 of 1000
Entering loop 813 of 1000
Entering loop 814 of 1000
Entering loop 815 of 1000
Entering loop 816 of 1000
Entering loop 817 of 1000
Entering loop 818 of 1000
Entering loop 819 of 1000
Entering loop 820 of 1000
Entering loop 821 of 1000
Entering loop 822 of 1000
Entering loop 823 of 1000
Entering loop 824 of 1000
Entering loop 825 of 1000
Entering loop 826 of 1000
Entering loop 827 of 1000
Entering loop 828 of 1000
Entering loop 829 of 1000
Entering loop 830 of 1000
Entering loop 831 of 1000
Entering loop 832 of 1000
Entering loop 833 of 1000
Entering loop 834 of 1000
Entering loop 835 of 1000
Entering loop 836 of 1000
Entering loop 837 of 1000
Entering loop 838 of 1000
Entering loop 839 of 1000
Entering loop 840 of 1000
Entering loop 841 of 1000
Entering loop 842 of 1000
Entering loop 843 of 1000
Entering loop 844 of 1000
Entering loop 845 of 1000
Entering loop 846 of 1000
Entering loop 847 of 1000
Entering loop 848 of 1000
Entering loop 849 of 1000
Entering loop 850 of 1000
Entering loop 851 of 1000
Entering loop 852 of 1000
Entering loop 853 of 1000
Entering loop 854 of 1000
Entering loop 855 of 1000
Entering loop 856 of 1000
Entering loop 857 of 1000
Entering loop 858 of 1000
Entering loop 859 of 1000
Entering loop 860 of 1000
Entering loop 861 of 1000
Entering loop 862 of 1000
Entering loop 863 of 1000
Entering loop 864 of 1000
Entering loop 865 of 1000
Entering loop 866 of 1000
Entering loop 867 of 1000
Entering loop 868 of 1000
Entering loop 869 of 1000
Entering loop 870 of 1000
Entering loop 871 of 1000
Entering loop 872 of 1000
Entering loop 873 of 1000
Entering loop 874 of 1000
Entering loop 875 of 1000
Entering loop 876 of 1000
Entering loop 877 of 1000
Entering loop 878 of 1000
Entering loop 879 of 1000
Entering loop 880 of 1000
Entering loop 881 of 1000
Entering loop 882 of 1000
Entering loop 883 of 1000
Entering loop 884 of 1000
Entering loop 885 of 1000
Entering loop 886 of 1000
Entering loop 887 of 1000
Entering loop 888 of 1000
Entering loop 889 of 1000
Entering loop 890 of 1000
Entering loop 891 of 1000
Entering loop 892 of 1000
Entering loop 893 of 1000
Entering loop 894 of 1000
Entering loop 895 of 1000
Entering loop 896 of 1000
Entering loop 897 of 1000
Entering loop 898 of 1000
Entering loop 899 of 1000
Entering loop 900 of 1000
Entering loop 901 of 1000
Entering loop 902 of 1000
Entering loop 903 of 1000
Entering loop 904 of 1000
Entering loop 905 of 1000
Entering loop 906 of 1000
Entering loop 907 of 1000
Entering loop 908 of 1000
Entering loop 909 of 1000
Entering loop 910 of 1000
Entering loop 911 of 1000
Entering loop 912 of 1000
Entering loop 913 of 1000
Entering loop 914 of 1000
Entering loop 915 of 1000
Entering loop 916 of 1000
Entering loop 917 of 1000
Entering loop 918 of 1000
Entering loop 919 of 1000
Entering loop 920 of 1000
Entering loop 921 of 1000
Entering loop 922 of 1000
Entering loop 923 of 1000
Entering loop 924 of 1000
Entering loop 925 of 1000
Entering loop 926 of 1000
Entering loop 927 of 1000
Entering loop 928 of 1000
Entering loop 929 of 1000
Entering loop 930 of 1000
Entering loop 931 of 1000
Entering loop 932 of 1000
Entering loop 933 of 1000
Entering loop 934 of 1000
Entering loop 935 of 1000
Entering loop 936 of 1000
Entering loop 937 of 1000
Entering loop 938 of 1000
Entering loop 939 of 1000
Entering loop 940 of 1000
Entering loop 941 of 1000
Entering loop 942 of 1000
Entering loop 943 of 1000
Entering loop 944 of 1000
Entering loop 945 of 1000
Entering loop 946 of 1000
Entering loop 947 of 1000
Entering loop 948 of 1000
Entering loop 949 of 1000
Entering loop 950 of 1000
Entering loop 951 of 1000
Entering loop 952 of 1000
Entering loop 953 of 1000
Entering loop 954 of 1000
Entering loop 955 of 1000
Entering loop 956 of 1000
Entering loop 957 of 1000
Entering loop 958 of 1000
Entering loop 959 of 1000
Entering loop 960 of 1000
Entering loop 961 of 1000
Entering loop 962 of 1000
Entering loop 963 of 1000
Entering loop 964 of 1000
Entering loop 965 of 1000
Entering loop 966 of 1000
Entering loop 967 of 1000
Entering loop 968 of 1000
Entering loop 969 of 1000
Entering loop 970 of 1000
Entering loop 971 of 1000
Entering loop 972 of 1000
Entering loop 973 of 1000
Entering loop 974 of 1000
Entering loop 975 of 1000
Entering loop 976 of 1000
Entering loop 977 of 1000
Entering loop 978 of 1000
Entering loop 979 of 1000
Entering loop 980 of 1000
Entering loop 981 of 1000
Entering loop 982 of 1000
Entering loop 983 of 1000
Entering loop 984 of 1000
Entering loop 985 of 1000
Entering loop 986 of 1000
Entering loop 987 of 1000
Entering loop 988 of 1000
Entering loop 989 of 1000
Entering loop 990 of 1000
Entering loop 991 of 1000
Entering loop 992 of 1000
Entering loop 993 of 1000
Entering loop 994 of 1000
Entering loop 995 of 1000
Entering loop 996 of 1000
Entering loop 997 of 1000
Entering loop 998 of 1000
Entering loop 999 of 1000
Done.
Wed 17 Apr 2013 00:37:37 BST
Completed REST INDIVIDUAL tests
Performing REST Batch tests
Wed 17 Apr 2013 00:41:37 BST
ARG 0:localhost
ARG 1:9094
ARG 2:./docs/0001
ARG 3:1000
Using Erik's REST Batch Extension to add 500 files 1000 times.
Entering loop 0 of 1000
  SUCCESS
Entering loop 1 of 1000
  SUCCESS
Entering loop 2 of 1000
  SUCCESS
Entering loop 3 of 1000
  SUCCESS
Entering loop 4 of 1000
  SUCCESS
Entering loop 5 of 1000
  SUCCESS
Entering loop 6 of 1000
  SUCCESS
Entering loop 7 of 1000
  SUCCESS
Entering loop 8 of 1000
  SUCCESS
Entering loop 9 of 1000
  SUCCESS
Entering loop 10 of 1000
  SUCCESS
Entering loop 11 of 1000
  SUCCESS
Entering loop 12 of 1000
  SUCCESS
Entering loop 13 of 1000
  SUCCESS
Entering loop 14 of 1000
  SUCCESS
Entering loop 15 of 1000
  SUCCESS
Entering loop 16 of 1000
  SUCCESS
Entering loop 17 of 1000
  SUCCESS
Entering loop 18 of 1000
  SUCCESS
Entering loop 19 of 1000
  SUCCESS
Entering loop 20 of 1000
  SUCCESS
Entering loop 21 of 1000
  SUCCESS
Entering loop 22 of 1000
  SUCCESS
Entering loop 23 of 1000
  SUCCESS
Entering loop 24 of 1000
  SUCCESS
Entering loop 25 of 1000
  SUCCESS
Entering loop 26 of 1000
  SUCCESS
Entering loop 27 of 1000
  SUCCESS
Entering loop 28 of 1000
  SUCCESS
Entering loop 29 of 1000
  SUCCESS
Entering loop 30 of 1000
  SUCCESS
Entering loop 31 of 1000
  SUCCESS
Entering loop 32 of 1000
  SUCCESS
Entering loop 33 of 1000
  SUCCESS
Entering loop 34 of 1000
  SUCCESS
Entering loop 35 of 1000
  SUCCESS
Entering loop 36 of 1000
  SUCCESS
Entering loop 37 of 1000
  SUCCESS
Entering loop 38 of 1000
  SUCCESS
Entering loop 39 of 1000
  SUCCESS
Entering loop 40 of 1000
  SUCCESS
Entering loop 41 of 1000
  SUCCESS
Entering loop 42 of 1000
  SUCCESS
Entering loop 43 of 1000
  SUCCESS
Entering loop 44 of 1000
  SUCCESS
Entering loop 45 of 1000
  SUCCESS
Entering loop 46 of 1000
  SUCCESS
Entering loop 47 of 1000
  SUCCESS
Entering loop 48 of 1000
  SUCCESS
Entering loop 49 of 1000
  SUCCESS
Entering loop 50 of 1000
  SUCCESS
Entering loop 51 of 1000
  SUCCESS
Entering loop 52 of 1000
  SUCCESS
Entering loop 53 of 1000
  SUCCESS
Entering loop 54 of 1000
  SUCCESS
Entering loop 55 of 1000
  SUCCESS
Entering loop 56 of 1000
  SUCCESS
Entering loop 57 of 1000
  SUCCESS
Entering loop 58 of 1000
  SUCCESS
Entering loop 59 of 1000
  SUCCESS
Entering loop 60 of 1000
  SUCCESS
Entering loop 61 of 1000
  SUCCESS
Entering loop 62 of 1000
  SUCCESS
Entering loop 63 of 1000
  SUCCESS
Entering loop 64 of 1000
  SUCCESS
Entering loop 65 of 1000
  SUCCESS
Entering loop 66 of 1000
  SUCCESS
Entering loop 67 of 1000
  SUCCESS
Entering loop 68 of 1000
  SUCCESS
Entering loop 69 of 1000
  SUCCESS
Entering loop 70 of 1000
  SUCCESS
Entering loop 71 of 1000
  SUCCESS
Entering loop 72 of 1000
  SUCCESS
Entering loop 73 of 1000
  SUCCESS
Entering loop 74 of 1000
  SUCCESS
Entering loop 75 of 1000
  SUCCESS
Entering loop 76 of 1000
  SUCCESS
Entering loop 77 of 1000
  SUCCESS
Entering loop 78 of 1000
  SUCCESS
Entering loop 79 of 1000
  SUCCESS
Entering loop 80 of 1000
  SUCCESS
Entering loop 81 of 1000
  SUCCESS
Entering loop 82 of 1000
  SUCCESS
Entering loop 83 of 1000
  SUCCESS
Entering loop 84 of 1000
  SUCCESS
Entering loop 85 of 1000
  SUCCESS
Entering loop 86 of 1000
  SUCCESS
Entering loop 87 of 1000
  SUCCESS
Entering loop 88 of 1000
  SUCCESS
Entering loop 89 of 1000
  SUCCESS
Entering loop 90 of 1000
  SUCCESS
Entering loop 91 of 1000
  SUCCESS
Entering loop 92 of 1000
  SUCCESS
Entering loop 93 of 1000
  SUCCESS
Entering loop 94 of 1000
  SUCCESS
Entering loop 95 of 1000
  SUCCESS
Entering loop 96 of 1000
  SUCCESS
Entering loop 97 of 1000
  SUCCESS
Entering loop 98 of 1000
  SUCCESS
Entering loop 99 of 1000
  SUCCESS
Entering loop 100 of 1000
  SUCCESS
Entering loop 101 of 1000
  SUCCESS
Entering loop 102 of 1000
  SUCCESS
Entering loop 103 of 1000
  SUCCESS
Entering loop 104 of 1000
  SUCCESS
Entering loop 105 of 1000
  SUCCESS
Entering loop 106 of 1000
  SUCCESS
Entering loop 107 of 1000
  SUCCESS
Entering loop 108 of 1000
  SUCCESS
Entering loop 109 of 1000
  SUCCESS
Entering loop 110 of 1000
  SUCCESS
Entering loop 111 of 1000
  SUCCESS
Entering loop 112 of 1000
  SUCCESS
Entering loop 113 of 1000
  SUCCESS
Entering loop 114 of 1000
  SUCCESS
Entering loop 115 of 1000
  SUCCESS
Entering loop 116 of 1000
  SUCCESS
Entering loop 117 of 1000
  SUCCESS
Entering loop 118 of 1000
  SUCCESS
Entering loop 119 of 1000
  SUCCESS
Entering loop 120 of 1000
  SUCCESS
Entering loop 121 of 1000
  SUCCESS
Entering loop 122 of 1000
  SUCCESS
Entering loop 123 of 1000
  SUCCESS
Entering loop 124 of 1000
  SUCCESS
Entering loop 125 of 1000
  SUCCESS
Entering loop 126 of 1000
  SUCCESS
Entering loop 127 of 1000
  SUCCESS
Entering loop 128 of 1000
  SUCCESS
Entering loop 129 of 1000
  SUCCESS
Entering loop 130 of 1000
  SUCCESS
Entering loop 131 of 1000
  SUCCESS
Entering loop 132 of 1000
  SUCCESS
Entering loop 133 of 1000
  SUCCESS
Entering loop 134 of 1000
  SUCCESS
Entering loop 135 of 1000
  SUCCESS
Entering loop 136 of 1000
  SUCCESS
Entering loop 137 of 1000
  SUCCESS
Entering loop 138 of 1000
  SUCCESS
Entering loop 139 of 1000
  SUCCESS
Entering loop 140 of 1000
  SUCCESS
Entering loop 141 of 1000
  SUCCESS
Entering loop 142 of 1000
  SUCCESS
Entering loop 143 of 1000
  SUCCESS
Entering loop 144 of 1000
  SUCCESS
Entering loop 145 of 1000
  SUCCESS
Entering loop 146 of 1000
  SUCCESS
Entering loop 147 of 1000
  SUCCESS
Entering loop 148 of 1000
  SUCCESS
Entering loop 149 of 1000
  SUCCESS
Entering loop 150 of 1000
  SUCCESS
Entering loop 151 of 1000
  SUCCESS
Entering loop 152 of 1000
  SUCCESS
Entering loop 153 of 1000
  SUCCESS
Entering loop 154 of 1000
  SUCCESS
Entering loop 155 of 1000
  SUCCESS
Entering loop 156 of 1000
  SUCCESS
Entering loop 157 of 1000
  SUCCESS
Entering loop 158 of 1000
  SUCCESS
Entering loop 159 of 1000
  SUCCESS
Entering loop 160 of 1000
  SUCCESS
Entering loop 161 of 1000
  SUCCESS
Entering loop 162 of 1000
  SUCCESS
Entering loop 163 of 1000
  SUCCESS
Entering loop 164 of 1000
  SUCCESS
Entering loop 165 of 1000
  SUCCESS
Entering loop 166 of 1000
  SUCCESS
Entering loop 167 of 1000
  SUCCESS
Entering loop 168 of 1000
  SUCCESS
Entering loop 169 of 1000
  SUCCESS
Entering loop 170 of 1000
  SUCCESS
Entering loop 171 of 1000
  SUCCESS
Entering loop 172 of 1000
  SUCCESS
Entering loop 173 of 1000
  SUCCESS
Entering loop 174 of 1000
  SUCCESS
Entering loop 175 of 1000
  SUCCESS
Entering loop 176 of 1000
  SUCCESS
Entering loop 177 of 1000
  SUCCESS
Entering loop 178 of 1000
  SUCCESS
Entering loop 179 of 1000
  SUCCESS
Entering loop 180 of 1000
  SUCCESS
Entering loop 181 of 1000
  SUCCESS
Entering loop 182 of 1000
  SUCCESS
Entering loop 183 of 1000
  SUCCESS
Entering loop 184 of 1000
  SUCCESS
Entering loop 185 of 1000
  SUCCESS
Entering loop 186 of 1000
  SUCCESS
Entering loop 187 of 1000
  SUCCESS
Entering loop 188 of 1000
  SUCCESS
Entering loop 189 of 1000
  SUCCESS
Entering loop 190 of 1000
  SUCCESS
Entering loop 191 of 1000
  SUCCESS
Entering loop 192 of 1000
  SUCCESS
Entering loop 193 of 1000
  SUCCESS
Entering loop 194 of 1000
  SUCCESS
Entering loop 195 of 1000
  SUCCESS
Entering loop 196 of 1000
  SUCCESS
Entering loop 197 of 1000
  SUCCESS
Entering loop 198 of 1000
  SUCCESS
Entering loop 199 of 1000
  SUCCESS
Entering loop 200 of 1000
  SUCCESS
Entering loop 201 of 1000
  SUCCESS
Entering loop 202 of 1000
  SUCCESS
Entering loop 203 of 1000
  SUCCESS
Entering loop 204 of 1000
  SUCCESS
Entering loop 205 of 1000
  SUCCESS
Entering loop 206 of 1000
  SUCCESS
Entering loop 207 of 1000
  SUCCESS
Entering loop 208 of 1000
  SUCCESS
Entering loop 209 of 1000
  SUCCESS
Entering loop 210 of 1000
  SUCCESS
Entering loop 211 of 1000
  SUCCESS
Entering loop 212 of 1000
  SUCCESS
Entering loop 213 of 1000
  SUCCESS
Entering loop 214 of 1000
  SUCCESS
Entering loop 215 of 1000
  SUCCESS
Entering loop 216 of 1000
  SUCCESS
Entering loop 217 of 1000
  SUCCESS
Entering loop 218 of 1000
  SUCCESS
Entering loop 219 of 1000
  SUCCESS
Entering loop 220 of 1000
  SUCCESS
Entering loop 221 of 1000
  SUCCESS
Entering loop 222 of 1000
  SUCCESS
Entering loop 223 of 1000
  SUCCESS
Entering loop 224 of 1000
  SUCCESS
Entering loop 225 of 1000
  SUCCESS
Entering loop 226 of 1000
  SUCCESS
Entering loop 227 of 1000
  SUCCESS
Entering loop 228 of 1000
  SUCCESS
Entering loop 229 of 1000
  SUCCESS
Entering loop 230 of 1000
  SUCCESS
Entering loop 231 of 1000
  SUCCESS
Entering loop 232 of 1000
  SUCCESS
Entering loop 233 of 1000
  SUCCESS
Entering loop 234 of 1000
  SUCCESS
Entering loop 235 of 1000
  SUCCESS
Entering loop 236 of 1000
  SUCCESS
Entering loop 237 of 1000
  SUCCESS
Entering loop 238 of 1000
  SUCCESS
Entering loop 239 of 1000
  SUCCESS
Entering loop 240 of 1000
  SUCCESS
Entering loop 241 of 1000
  SUCCESS
Entering loop 242 of 1000
  SUCCESS
Entering loop 243 of 1000
  SUCCESS
Entering loop 244 of 1000
  SUCCESS
Entering loop 245 of 1000
  SUCCESS
Entering loop 246 of 1000
  SUCCESS
Entering loop 247 of 1000
  SUCCESS
Entering loop 248 of 1000
  SUCCESS
Entering loop 249 of 1000
  SUCCESS
Entering loop 250 of 1000
  SUCCESS
Entering loop 251 of 1000
  SUCCESS
Entering loop 252 of 1000
  SUCCESS
Entering loop 253 of 1000
  SUCCESS
Entering loop 254 of 1000
  SUCCESS
Entering loop 255 of 1000
  SUCCESS
Entering loop 256 of 1000
  SUCCESS
Entering loop 257 of 1000
  SUCCESS
Entering loop 258 of 1000
  SUCCESS
Entering loop 259 of 1000
  SUCCESS
Entering loop 260 of 1000
  SUCCESS
Entering loop 261 of 1000
  SUCCESS
Entering loop 262 of 1000
  SUCCESS
Entering loop 263 of 1000
  SUCCESS
Entering loop 264 of 1000
  SUCCESS
Entering loop 265 of 1000
  SUCCESS
Entering loop 266 of 1000
  SUCCESS
Entering loop 267 of 1000
  SUCCESS
Entering loop 268 of 1000
  SUCCESS
Entering loop 269 of 1000
  SUCCESS
Entering loop 270 of 1000
  SUCCESS
Entering loop 271 of 1000
  SUCCESS
Entering loop 272 of 1000
  SUCCESS
Entering loop 273 of 1000
  SUCCESS
Entering loop 274 of 1000
  SUCCESS
Entering loop 275 of 1000
  SUCCESS
Entering loop 276 of 1000
  SUCCESS
Entering loop 277 of 1000
  SUCCESS
Entering loop 278 of 1000
  SUCCESS
Entering loop 279 of 1000
  SUCCESS
Entering loop 280 of 1000
  SUCCESS
Entering loop 281 of 1000
  SUCCESS
Entering loop 282 of 1000
  SUCCESS
Entering loop 283 of 1000
  SUCCESS
Entering loop 284 of 1000
  SUCCESS
Entering loop 285 of 1000
  SUCCESS
Entering loop 286 of 1000
  SUCCESS
Entering loop 287 of 1000
  SUCCESS
Entering loop 288 of 1000
  SUCCESS
Entering loop 289 of 1000
  SUCCESS
Entering loop 290 of 1000
  SUCCESS
Entering loop 291 of 1000
  SUCCESS
Entering loop 292 of 1000
  SUCCESS
Entering loop 293 of 1000
  SUCCESS
Entering loop 294 of 1000
  SUCCESS
Entering loop 295 of 1000
  SUCCESS
Entering loop 296 of 1000
  SUCCESS
Entering loop 297 of 1000
  SUCCESS
Entering loop 298 of 1000
  SUCCESS
Entering loop 299 of 1000
  SUCCESS
Entering loop 300 of 1000
  SUCCESS
Entering loop 301 of 1000
  SUCCESS
Entering loop 302 of 1000
  SUCCESS
Entering loop 303 of 1000
  SUCCESS
Entering loop 304 of 1000
  SUCCESS
Entering loop 305 of 1000
  SUCCESS
Entering loop 306 of 1000
  SUCCESS
Entering loop 307 of 1000
  SUCCESS
Entering loop 308 of 1000
  SUCCESS
Entering loop 309 of 1000
  SUCCESS
Entering loop 310 of 1000
  SUCCESS
Entering loop 311 of 1000
  SUCCESS
Entering loop 312 of 1000
  SUCCESS
Entering loop 313 of 1000
  SUCCESS
Entering loop 314 of 1000
  SUCCESS
Entering loop 315 of 1000
  SUCCESS
Entering loop 316 of 1000
  SUCCESS
Entering loop 317 of 1000
  SUCCESS
Entering loop 318 of 1000
  SUCCESS
Entering loop 319 of 1000
  SUCCESS
Entering loop 320 of 1000
  SUCCESS
Entering loop 321 of 1000
  SUCCESS
Entering loop 322 of 1000
  SUCCESS
Entering loop 323 of 1000
  SUCCESS
Entering loop 324 of 1000
  SUCCESS
Entering loop 325 of 1000
  SUCCESS
Entering loop 326 of 1000
  SUCCESS
Entering loop 327 of 1000
  SUCCESS
Entering loop 328 of 1000
  SUCCESS
Entering loop 329 of 1000
  SUCCESS
Entering loop 330 of 1000
  SUCCESS
Entering loop 331 of 1000
  SUCCESS
Entering loop 332 of 1000
  SUCCESS
Entering loop 333 of 1000
  SUCCESS
Entering loop 334 of 1000
  SUCCESS
Entering loop 335 of 1000
  SUCCESS
Entering loop 336 of 1000
  SUCCESS
Entering loop 337 of 1000
  SUCCESS
Entering loop 338 of 1000
  SUCCESS
Entering loop 339 of 1000
  SUCCESS
Entering loop 340 of 1000
  SUCCESS
Entering loop 341 of 1000
  SUCCESS
Entering loop 342 of 1000
  SUCCESS
Entering loop 343 of 1000
  SUCCESS
Entering loop 344 of 1000
  SUCCESS
Entering loop 345 of 1000
  SUCCESS
Entering loop 346 of 1000
  SUCCESS
Entering loop 347 of 1000
  SUCCESS
Entering loop 348 of 1000
  SUCCESS
Entering loop 349 of 1000
  SUCCESS
Entering loop 350 of 1000
  SUCCESS
Entering loop 351 of 1000
  SUCCESS
Entering loop 352 of 1000
  SUCCESS
Entering loop 353 of 1000
  SUCCESS
Entering loop 354 of 1000
  SUCCESS
Entering loop 355 of 1000
  SUCCESS
Entering loop 356 of 1000
  SUCCESS
Entering loop 357 of 1000
  SUCCESS
Entering loop 358 of 1000
  SUCCESS
Entering loop 359 of 1000
  SUCCESS
Entering loop 360 of 1000
  SUCCESS
Entering loop 361 of 1000
  SUCCESS
Entering loop 362 of 1000
  SUCCESS
Entering loop 363 of 1000
  SUCCESS
Entering loop 364 of 1000
  SUCCESS
Entering loop 365 of 1000
  SUCCESS
Entering loop 366 of 1000
  SUCCESS
Entering loop 367 of 1000
  SUCCESS
Entering loop 368 of 1000
  SUCCESS
Entering loop 369 of 1000
  SUCCESS
Entering loop 370 of 1000
  SUCCESS
Entering loop 371 of 1000
  SUCCESS
Entering loop 372 of 1000
  SUCCESS
Entering loop 373 of 1000
  SUCCESS
Entering loop 374 of 1000
  SUCCESS
Entering loop 375 of 1000
  SUCCESS
Entering loop 376 of 1000
  SUCCESS
Entering loop 377 of 1000
  SUCCESS
Entering loop 378 of 1000
  SUCCESS
Entering loop 379 of 1000
  SUCCESS
Entering loop 380 of 1000
  SUCCESS
Entering loop 381 of 1000
  SUCCESS
Entering loop 382 of 1000
  SUCCESS
Entering loop 383 of 1000
  SUCCESS
Entering loop 384 of 1000
  SUCCESS
Entering loop 385 of 1000
  SUCCESS
Entering loop 386 of 1000
  SUCCESS
Entering loop 387 of 1000
  SUCCESS
Entering loop 388 of 1000
  SUCCESS
Entering loop 389 of 1000
  SUCCESS
Entering loop 390 of 1000
  SUCCESS
Entering loop 391 of 1000
  SUCCESS
Entering loop 392 of 1000
  SUCCESS
Entering loop 393 of 1000
  SUCCESS
Entering loop 394 of 1000
  SUCCESS
Entering loop 395 of 1000
  SUCCESS
Entering loop 396 of 1000
  SUCCESS
Entering loop 397 of 1000
  SUCCESS
Entering loop 398 of 1000
  SUCCESS
Entering loop 399 of 1000
  SUCCESS
Entering loop 400 of 1000
  SUCCESS
Entering loop 401 of 1000
  SUCCESS
Entering loop 402 of 1000
  SUCCESS
Entering loop 403 of 1000
  SUCCESS
Entering loop 404 of 1000
  SUCCESS
Entering loop 405 of 1000
  SUCCESS
Entering loop 406 of 1000
  SUCCESS
Entering loop 407 of 1000
  SUCCESS
Entering loop 408 of 1000
  SUCCESS
Entering loop 409 of 1000
  SUCCESS
Entering loop 410 of 1000
  SUCCESS
Entering loop 411 of 1000
  SUCCESS
Entering loop 412 of 1000
  SUCCESS
Entering loop 413 of 1000
  SUCCESS
Entering loop 414 of 1000
  SUCCESS
Entering loop 415 of 1000
  SUCCESS
Entering loop 416 of 1000
  SUCCESS
Entering loop 417 of 1000
  SUCCESS
Entering loop 418 of 1000
  SUCCESS
Entering loop 419 of 1000
  SUCCESS
Entering loop 420 of 1000
  SUCCESS
Entering loop 421 of 1000
  SUCCESS
Entering loop 422 of 1000
  SUCCESS
Entering loop 423 of 1000
  SUCCESS
Entering loop 424 of 1000
  SUCCESS
Entering loop 425 of 1000
  SUCCESS
Entering loop 426 of 1000
  SUCCESS
Entering loop 427 of 1000
  SUCCESS
Entering loop 428 of 1000
  SUCCESS
Entering loop 429 of 1000
  SUCCESS
Entering loop 430 of 1000
  SUCCESS
Entering loop 431 of 1000
  SUCCESS
Entering loop 432 of 1000
  SUCCESS
Entering loop 433 of 1000
  SUCCESS
Entering loop 434 of 1000
  SUCCESS
Entering loop 435 of 1000
  SUCCESS
Entering loop 436 of 1000
  SUCCESS
Entering loop 437 of 1000
  SUCCESS
Entering loop 438 of 1000
  SUCCESS
Entering loop 439 of 1000
  SUCCESS
Entering loop 440 of 1000
  SUCCESS
Entering loop 441 of 1000
  SUCCESS
Entering loop 442 of 1000
  SUCCESS
Entering loop 443 of 1000
  SUCCESS
Entering loop 444 of 1000
  SUCCESS
Entering loop 445 of 1000
  SUCCESS
Entering loop 446 of 1000
  SUCCESS
Entering loop 447 of 1000
  SUCCESS
Entering loop 448 of 1000
  SUCCESS
Entering loop 449 of 1000
  SUCCESS
Entering loop 450 of 1000
  SUCCESS
Entering loop 451 of 1000
  SUCCESS
Entering loop 452 of 1000
  SUCCESS
Entering loop 453 of 1000
  SUCCESS
Entering loop 454 of 1000
  SUCCESS
Entering loop 455 of 1000
  SUCCESS
Entering loop 456 of 1000
  SUCCESS
Entering loop 457 of 1000
  SUCCESS
Entering loop 458 of 1000
  SUCCESS
Entering loop 459 of 1000
  SUCCESS
Entering loop 460 of 1000
  SUCCESS
Entering loop 461 of 1000
  SUCCESS
Entering loop 462 of 1000
  SUCCESS
Entering loop 463 of 1000
  SUCCESS
Entering loop 464 of 1000
  SUCCESS
Entering loop 465 of 1000
  SUCCESS
Entering loop 466 of 1000
  SUCCESS
Entering loop 467 of 1000
  SUCCESS
Entering loop 468 of 1000
  SUCCESS
Entering loop 469 of 1000
  SUCCESS
Entering loop 470 of 1000
  SUCCESS
Entering loop 471 of 1000
  SUCCESS
Entering loop 472 of 1000
  SUCCESS
Entering loop 473 of 1000
  SUCCESS
Entering loop 474 of 1000
  SUCCESS
Entering loop 475 of 1000
  SUCCESS
Entering loop 476 of 1000
  SUCCESS
Entering loop 477 of 1000
  SUCCESS
Entering loop 478 of 1000
  SUCCESS
Entering loop 479 of 1000
  SUCCESS
Entering loop 480 of 1000
  SUCCESS
Entering loop 481 of 1000
  SUCCESS
Entering loop 482 of 1000
  SUCCESS
Entering loop 483 of 1000
  SUCCESS
Entering loop 484 of 1000
  SUCCESS
Entering loop 485 of 1000
  SUCCESS
Entering loop 486 of 1000
  SUCCESS
Entering loop 487 of 1000
  SUCCESS
Entering loop 488 of 1000
  SUCCESS
Entering loop 489 of 1000
  SUCCESS
Entering loop 490 of 1000
  SUCCESS
Entering loop 491 of 1000
  SUCCESS
Entering loop 492 of 1000
  SUCCESS
Entering loop 493 of 1000
  SUCCESS
Entering loop 494 of 1000
  SUCCESS
Entering loop 495 of 1000
  SUCCESS
Entering loop 496 of 1000
  SUCCESS
Entering loop 497 of 1000
  SUCCESS
Entering loop 498 of 1000
  SUCCESS
Entering loop 499 of 1000
  SUCCESS
Entering loop 500 of 1000
  SUCCESS
Entering loop 501 of 1000
  SUCCESS
Entering loop 502 of 1000
  SUCCESS
Entering loop 503 of 1000
  SUCCESS
Entering loop 504 of 1000
  SUCCESS
Entering loop 505 of 1000
  SUCCESS
Entering loop 506 of 1000
  SUCCESS
Entering loop 507 of 1000
  SUCCESS
Entering loop 508 of 1000
  SUCCESS
Entering loop 509 of 1000
  SUCCESS
Entering loop 510 of 1000
  SUCCESS
Entering loop 511 of 1000
  SUCCESS
Entering loop 512 of 1000
  SUCCESS
Entering loop 513 of 1000
  SUCCESS
Entering loop 514 of 1000
  SUCCESS
Entering loop 515 of 1000
  SUCCESS
Entering loop 516 of 1000
  SUCCESS
Entering loop 517 of 1000
  SUCCESS
Entering loop 518 of 1000
  SUCCESS
Entering loop 519 of 1000
  SUCCESS
Entering loop 520 of 1000
  SUCCESS
Entering loop 521 of 1000
  SUCCESS
Entering loop 522 of 1000
  SUCCESS
Entering loop 523 of 1000
  SUCCESS
Entering loop 524 of 1000
  SUCCESS
Entering loop 525 of 1000
  SUCCESS
Entering loop 526 of 1000
  SUCCESS
Entering loop 527 of 1000
  SUCCESS
Entering loop 528 of 1000
  SUCCESS
Entering loop 529 of 1000
  SUCCESS
Entering loop 530 of 1000
  SUCCESS
Entering loop 531 of 1000
  SUCCESS
Entering loop 532 of 1000
  SUCCESS
Entering loop 533 of 1000
  SUCCESS
Entering loop 534 of 1000
  SUCCESS
Entering loop 535 of 1000
  SUCCESS
Entering loop 536 of 1000
  SUCCESS
Entering loop 537 of 1000
  SUCCESS
Entering loop 538 of 1000
  SUCCESS
Entering loop 539 of 1000
  SUCCESS
Entering loop 540 of 1000
  SUCCESS
Entering loop 541 of 1000
  SUCCESS
Entering loop 542 of 1000
  SUCCESS
Entering loop 543 of 1000
  SUCCESS
Entering loop 544 of 1000
  SUCCESS
Entering loop 545 of 1000
  SUCCESS
Entering loop 546 of 1000
  SUCCESS
Entering loop 547 of 1000
  SUCCESS
Entering loop 548 of 1000
  SUCCESS
Entering loop 549 of 1000
  SUCCESS
Entering loop 550 of 1000
  SUCCESS
Entering loop 551 of 1000
  SUCCESS
Entering loop 552 of 1000
  SUCCESS
Entering loop 553 of 1000
  SUCCESS
Entering loop 554 of 1000
  SUCCESS
Entering loop 555 of 1000
  SUCCESS
Entering loop 556 of 1000
  SUCCESS
Entering loop 557 of 1000
  SUCCESS
Entering loop 558 of 1000
  SUCCESS
Entering loop 559 of 1000
  SUCCESS
Entering loop 560 of 1000
  SUCCESS
Entering loop 561 of 1000
  SUCCESS
Entering loop 562 of 1000
  SUCCESS
Entering loop 563 of 1000
  SUCCESS
Entering loop 564 of 1000
  SUCCESS
Entering loop 565 of 1000
  SUCCESS
Entering loop 566 of 1000
  SUCCESS
Entering loop 567 of 1000
  SUCCESS
Entering loop 568 of 1000
  SUCCESS
Entering loop 569 of 1000
  SUCCESS
Entering loop 570 of 1000
  SUCCESS
Entering loop 571 of 1000
  SUCCESS
Entering loop 572 of 1000
  SUCCESS
Entering loop 573 of 1000
  SUCCESS
Entering loop 574 of 1000
  SUCCESS
Entering loop 575 of 1000
  SUCCESS
Entering loop 576 of 1000
  SUCCESS
Entering loop 577 of 1000
  SUCCESS
Entering loop 578 of 1000
  SUCCESS
Entering loop 579 of 1000
  SUCCESS
Entering loop 580 of 1000
  SUCCESS
Entering loop 581 of 1000
  SUCCESS
Entering loop 582 of 1000
  SUCCESS
Entering loop 583 of 1000
  SUCCESS
Entering loop 584 of 1000
  SUCCESS
Entering loop 585 of 1000
  SUCCESS
Entering loop 586 of 1000
  SUCCESS
Entering loop 587 of 1000
  SUCCESS
Entering loop 588 of 1000
  SUCCESS
Entering loop 589 of 1000
  SUCCESS
Entering loop 590 of 1000
  SUCCESS
Entering loop 591 of 1000
  SUCCESS
Entering loop 592 of 1000
  SUCCESS
Entering loop 593 of 1000
  SUCCESS
Entering loop 594 of 1000
  SUCCESS
Entering loop 595 of 1000
  SUCCESS
Entering loop 596 of 1000
  SUCCESS
Entering loop 597 of 1000
  SUCCESS
Entering loop 598 of 1000
  SUCCESS
Entering loop 599 of 1000
  SUCCESS
Entering loop 600 of 1000
  SUCCESS
Entering loop 601 of 1000
  SUCCESS
Entering loop 602 of 1000
  SUCCESS
Entering loop 603 of 1000
  SUCCESS
Entering loop 604 of 1000
  SUCCESS
Entering loop 605 of 1000
  SUCCESS
Entering loop 606 of 1000
  SUCCESS
Entering loop 607 of 1000
  SUCCESS
Entering loop 608 of 1000
  SUCCESS
Entering loop 609 of 1000
  SUCCESS
Entering loop 610 of 1000
  SUCCESS
Entering loop 611 of 1000
  SUCCESS
Entering loop 612 of 1000
  SUCCESS
Entering loop 613 of 1000
  SUCCESS
Entering loop 614 of 1000
  SUCCESS
Entering loop 615 of 1000
  SUCCESS
Entering loop 616 of 1000
  SUCCESS
Entering loop 617 of 1000
  SUCCESS
Entering loop 618 of 1000
  SUCCESS
Entering loop 619 of 1000
  SUCCESS
Entering loop 620 of 1000
  SUCCESS
Entering loop 621 of 1000
  SUCCESS
Entering loop 622 of 1000
  SUCCESS
Entering loop 623 of 1000
  SUCCESS
Entering loop 624 of 1000
  SUCCESS
Entering loop 625 of 1000
  SUCCESS
Entering loop 626 of 1000
  SUCCESS
Entering loop 627 of 1000
  SUCCESS
Entering loop 628 of 1000
  SUCCESS
Entering loop 629 of 1000
  SUCCESS
Entering loop 630 of 1000
  SUCCESS
Entering loop 631 of 1000
  SUCCESS
Entering loop 632 of 1000
  SUCCESS
Entering loop 633 of 1000
  SUCCESS
Entering loop 634 of 1000
  SUCCESS
Entering loop 635 of 1000
  SUCCESS
Entering loop 636 of 1000
  SUCCESS
Entering loop 637 of 1000
  SUCCESS
Entering loop 638 of 1000
  SUCCESS
Entering loop 639 of 1000
  SUCCESS
Entering loop 640 of 1000
  SUCCESS
Entering loop 641 of 1000
  SUCCESS
Entering loop 642 of 1000
  SUCCESS
Entering loop 643 of 1000
  SUCCESS
Entering loop 644 of 1000
  SUCCESS
Entering loop 645 of 1000
  SUCCESS
Entering loop 646 of 1000
  SUCCESS
Entering loop 647 of 1000
  SUCCESS
Entering loop 648 of 1000
  SUCCESS
Entering loop 649 of 1000
  SUCCESS
Entering loop 650 of 1000
  SUCCESS
Entering loop 651 of 1000
  SUCCESS
Entering loop 652 of 1000
  SUCCESS
Entering loop 653 of 1000
  SUCCESS
Entering loop 654 of 1000
  SUCCESS
Entering loop 655 of 1000
  SUCCESS
Entering loop 656 of 1000
  SUCCESS
Entering loop 657 of 1000
  SUCCESS
Entering loop 658 of 1000
  SUCCESS
Entering loop 659 of 1000
  SUCCESS
Entering loop 660 of 1000
  SUCCESS
Entering loop 661 of 1000
  SUCCESS
Entering loop 662 of 1000
  SUCCESS
Entering loop 663 of 1000
  SUCCESS
Entering loop 664 of 1000
  SUCCESS
Entering loop 665 of 1000
  SUCCESS
Entering loop 666 of 1000
  SUCCESS
Entering loop 667 of 1000
  SUCCESS
Entering loop 668 of 1000
  SUCCESS
Entering loop 669 of 1000
  SUCCESS
Entering loop 670 of 1000
  SUCCESS
Entering loop 671 of 1000
  SUCCESS
Entering loop 672 of 1000
  SUCCESS
Entering loop 673 of 1000
  SUCCESS
Entering loop 674 of 1000
  SUCCESS
Entering loop 675 of 1000
  SUCCESS
Entering loop 676 of 1000
  SUCCESS
Entering loop 677 of 1000
  SUCCESS
Entering loop 678 of 1000
  SUCCESS
Entering loop 679 of 1000
  SUCCESS
Entering loop 680 of 1000
  SUCCESS
Entering loop 681 of 1000
  SUCCESS
Entering loop 682 of 1000
  SUCCESS
Entering loop 683 of 1000
  SUCCESS
Entering loop 684 of 1000
  SUCCESS
Entering loop 685 of 1000
  SUCCESS
Entering loop 686 of 1000
  SUCCESS
Entering loop 687 of 1000
  SUCCESS
Entering loop 688 of 1000
  SUCCESS
Entering loop 689 of 1000
  SUCCESS
Entering loop 690 of 1000
  SUCCESS
Entering loop 691 of 1000
  SUCCESS
Entering loop 692 of 1000
  SUCCESS
Entering loop 693 of 1000
  SUCCESS
Entering loop 694 of 1000
  SUCCESS
Entering loop 695 of 1000
  SUCCESS
Entering loop 696 of 1000
  SUCCESS
Entering loop 697 of 1000
  SUCCESS
Entering loop 698 of 1000
  SUCCESS
Entering loop 699 of 1000
  SUCCESS
Entering loop 700 of 1000
  SUCCESS
Entering loop 701 of 1000
  SUCCESS
Entering loop 702 of 1000
  SUCCESS
Entering loop 703 of 1000
  SUCCESS
Entering loop 704 of 1000
  SUCCESS
Entering loop 705 of 1000
  SUCCESS
Entering loop 706 of 1000
  SUCCESS
Entering loop 707 of 1000
  SUCCESS
Entering loop 708 of 1000
  SUCCESS
Entering loop 709 of 1000
  SUCCESS
Entering loop 710 of 1000
  SUCCESS
Entering loop 711 of 1000
  SUCCESS
Entering loop 712 of 1000
  SUCCESS
Entering loop 713 of 1000
  SUCCESS
Entering loop 714 of 1000
  SUCCESS
Entering loop 715 of 1000
  SUCCESS
Entering loop 716 of 1000
  SUCCESS
Entering loop 717 of 1000
  SUCCESS
Entering loop 718 of 1000
  SUCCESS
Entering loop 719 of 1000
  SUCCESS
Entering loop 720 of 1000
  SUCCESS
Entering loop 721 of 1000
  SUCCESS
Entering loop 722 of 1000
  SUCCESS
Entering loop 723 of 1000
  SUCCESS
Entering loop 724 of 1000
  SUCCESS
Entering loop 725 of 1000
  SUCCESS
Entering loop 726 of 1000
  SUCCESS
Entering loop 727 of 1000
  SUCCESS
Entering loop 728 of 1000
  SUCCESS
Entering loop 729 of 1000
  SUCCESS
Entering loop 730 of 1000
  SUCCESS
Entering loop 731 of 1000
  SUCCESS
Entering loop 732 of 1000
  SUCCESS
Entering loop 733 of 1000
  SUCCESS
Entering loop 734 of 1000
  SUCCESS
Entering loop 735 of 1000
  SUCCESS
Entering loop 736 of 1000
  SUCCESS
Entering loop 737 of 1000
  SUCCESS
Entering loop 738 of 1000
  SUCCESS
Entering loop 739 of 1000
  SUCCESS
Entering loop 740 of 1000
  SUCCESS
Entering loop 741 of 1000
  SUCCESS
Entering loop 742 of 1000
  SUCCESS
Entering loop 743 of 1000
  SUCCESS
Entering loop 744 of 1000
  SUCCESS
Entering loop 745 of 1000
  SUCCESS
Entering loop 746 of 1000
  SUCCESS
Entering loop 747 of 1000
  SUCCESS
Entering loop 748 of 1000
  SUCCESS
Entering loop 749 of 1000
  SUCCESS
Entering loop 750 of 1000
  SUCCESS
Entering loop 751 of 1000
  SUCCESS
Entering loop 752 of 1000
  SUCCESS
Entering loop 753 of 1000
  SUCCESS
Entering loop 754 of 1000
  SUCCESS
Entering loop 755 of 1000
  SUCCESS
Entering loop 756 of 1000
  SUCCESS
Entering loop 757 of 1000
  SUCCESS
Entering loop 758 of 1000
  SUCCESS
Entering loop 759 of 1000
  SUCCESS
Entering loop 760 of 1000
  SUCCESS
Entering loop 761 of 1000
  SUCCESS
Entering loop 762 of 1000
  SUCCESS
Entering loop 763 of 1000
  SUCCESS
Entering loop 764 of 1000
  SUCCESS
Entering loop 765 of 1000
  SUCCESS
Entering loop 766 of 1000
  SUCCESS
Entering loop 767 of 1000
  SUCCESS
Entering loop 768 of 1000
  SUCCESS
Entering loop 769 of 1000
  SUCCESS
Entering loop 770 of 1000
  SUCCESS
Entering loop 771 of 1000
  SUCCESS
Entering loop 772 of 1000
  SUCCESS
Entering loop 773 of 1000
  SUCCESS
Entering loop 774 of 1000
  SUCCESS
Entering loop 775 of 1000
  SUCCESS
Entering loop 776 of 1000
  SUCCESS
Entering loop 777 of 1000
  SUCCESS
Entering loop 778 of 1000
  SUCCESS
Entering loop 779 of 1000
  SUCCESS
Entering loop 780 of 1000
  SUCCESS
Entering loop 781 of 1000
  SUCCESS
Entering loop 782 of 1000
  SUCCESS
Entering loop 783 of 1000
  SUCCESS
Entering loop 784 of 1000
  SUCCESS
Entering loop 785 of 1000
  SUCCESS
Entering loop 786 of 1000
  SUCCESS
Entering loop 787 of 1000
  SUCCESS
Entering loop 788 of 1000
  SUCCESS
Entering loop 789 of 1000
  SUCCESS
Entering loop 790 of 1000
  SUCCESS
Entering loop 791 of 1000
  SUCCESS
Entering loop 792 of 1000
  SUCCESS
Entering loop 793 of 1000
  SUCCESS
Entering loop 794 of 1000
  SUCCESS
Entering loop 795 of 1000
  SUCCESS
Entering loop 796 of 1000
  SUCCESS
Entering loop 797 of 1000
  SUCCESS
Entering loop 798 of 1000
  SUCCESS
Entering loop 799 of 1000
  SUCCESS
Entering loop 800 of 1000
  SUCCESS
Entering loop 801 of 1000
  SUCCESS
Entering loop 802 of 1000
  SUCCESS
Entering loop 803 of 1000
  SUCCESS
Entering loop 804 of 1000
  SUCCESS
Entering loop 805 of 1000
  SUCCESS
Entering loop 806 of 1000
  SUCCESS
Entering loop 807 of 1000
  SUCCESS
Entering loop 808 of 1000
  SUCCESS
Entering loop 809 of 1000
  SUCCESS
Entering loop 810 of 1000
  SUCCESS
Entering loop 811 of 1000
  SUCCESS
Entering loop 812 of 1000
  SUCCESS
Entering loop 813 of 1000
  SUCCESS
Entering loop 814 of 1000
  SUCCESS
Entering loop 815 of 1000
  SUCCESS
Entering loop 816 of 1000
  SUCCESS
Entering loop 817 of 1000
  SUCCESS
Entering loop 818 of 1000
  SUCCESS
Entering loop 819 of 1000
  SUCCESS
Entering loop 820 of 1000
  SUCCESS
Entering loop 821 of 1000
  SUCCESS
Entering loop 822 of 1000
  SUCCESS
Entering loop 823 of 1000
  SUCCESS
Entering loop 824 of 1000
  SUCCESS
Entering loop 825 of 1000
  SUCCESS
Entering loop 826 of 1000
  SUCCESS
Entering loop 827 of 1000
  SUCCESS
Entering loop 828 of 1000
  SUCCESS
Entering loop 829 of 1000
  SUCCESS
Entering loop 830 of 1000
  SUCCESS
Entering loop 831 of 1000
  SUCCESS
Entering loop 832 of 1000
  SUCCESS
Entering loop 833 of 1000
  SUCCESS
Entering loop 834 of 1000
  SUCCESS
Entering loop 835 of 1000
  SUCCESS
Entering loop 836 of 1000
  SUCCESS
Entering loop 837 of 1000
  SUCCESS
Entering loop 838 of 1000
  SUCCESS
Entering loop 839 of 1000
  SUCCESS
Entering loop 840 of 1000
  SUCCESS
Entering loop 841 of 1000
  SUCCESS
Entering loop 842 of 1000
  SUCCESS
Entering loop 843 of 1000
  SUCCESS
Entering loop 844 of 1000
  SUCCESS
Entering loop 845 of 1000
  SUCCESS
Entering loop 846 of 1000
  SUCCESS
Entering loop 847 of 1000
  SUCCESS
Entering loop 848 of 1000
  SUCCESS
Entering loop 849 of 1000
  SUCCESS
Entering loop 850 of 1000
  SUCCESS
Entering loop 851 of 1000
  SUCCESS
Entering loop 852 of 1000
  SUCCESS
Entering loop 853 of 1000
  SUCCESS
Entering loop 854 of 1000
  SUCCESS
Entering loop 855 of 1000
  SUCCESS
Entering loop 856 of 1000
  SUCCESS
Entering loop 857 of 1000
  SUCCESS
Entering loop 858 of 1000
  SUCCESS
Entering loop 859 of 1000
  SUCCESS
Entering loop 860 of 1000
  SUCCESS
Entering loop 861 of 1000
  SUCCESS
Entering loop 862 of 1000
  SUCCESS
Entering loop 863 of 1000
  SUCCESS
Entering loop 864 of 1000
  SUCCESS
Entering loop 865 of 1000
  SUCCESS
Entering loop 866 of 1000
  SUCCESS
Entering loop 867 of 1000
  SUCCESS
Entering loop 868 of 1000
  SUCCESS
Entering loop 869 of 1000
  SUCCESS
Entering loop 870 of 1000
  SUCCESS
Entering loop 871 of 1000
  SUCCESS
Entering loop 872 of 1000
  SUCCESS
Entering loop 873 of 1000
  SUCCESS
Entering loop 874 of 1000
  SUCCESS
Entering loop 875 of 1000
  SUCCESS
Entering loop 876 of 1000
  SUCCESS
Entering loop 877 of 1000
  SUCCESS
Entering loop 878 of 1000
  SUCCESS
Entering loop 879 of 1000
  SUCCESS
Entering loop 880 of 1000
  SUCCESS
Entering loop 881 of 1000
  SUCCESS
Entering loop 882 of 1000
  SUCCESS
Entering loop 883 of 1000
  SUCCESS
Entering loop 884 of 1000
  SUCCESS
Entering loop 885 of 1000
  SUCCESS
Entering loop 886 of 1000
  SUCCESS
Entering loop 887 of 1000
  SUCCESS
Entering loop 888 of 1000
  SUCCESS
Entering loop 889 of 1000
  SUCCESS
Entering loop 890 of 1000
  SUCCESS
Entering loop 891 of 1000
  SUCCESS
Entering loop 892 of 1000
  SUCCESS
Entering loop 893 of 1000
  SUCCESS
Entering loop 894 of 1000
  SUCCESS
Entering loop 895 of 1000
  SUCCESS
Entering loop 896 of 1000
  SUCCESS
Entering loop 897 of 1000
  SUCCESS
Entering loop 898 of 1000
  SUCCESS
Entering loop 899 of 1000
  SUCCESS
Entering loop 900 of 1000
  SUCCESS
Entering loop 901 of 1000
  SUCCESS
Entering loop 902 of 1000
  SUCCESS
Entering loop 903 of 1000
  SUCCESS
Entering loop 904 of 1000
  SUCCESS
Entering loop 905 of 1000
  SUCCESS
Entering loop 906 of 1000
  SUCCESS
Entering loop 907 of 1000
  SUCCESS
Entering loop 908 of 1000
  SUCCESS
Entering loop 909 of 1000
  SUCCESS
Entering loop 910 of 1000
  SUCCESS
Entering loop 911 of 1000
  SUCCESS
Entering loop 912 of 1000
  SUCCESS
Entering loop 913 of 1000
  SUCCESS
Entering loop 914 of 1000
  SUCCESS
Entering loop 915 of 1000
  SUCCESS
Entering loop 916 of 1000
  SUCCESS
Entering loop 917 of 1000
  SUCCESS
Entering loop 918 of 1000
  SUCCESS
Entering loop 919 of 1000
  SUCCESS
Entering loop 920 of 1000
  SUCCESS
Entering loop 921 of 1000
  SUCCESS
Entering loop 922 of 1000
  SUCCESS
Entering loop 923 of 1000
  SUCCESS
Entering loop 924 of 1000
  SUCCESS
Entering loop 925 of 1000
  SUCCESS
Entering loop 926 of 1000
  SUCCESS
Entering loop 927 of 1000
  SUCCESS
Entering loop 928 of 1000
  SUCCESS
Entering loop 929 of 1000
  SUCCESS
Entering loop 930 of 1000
  SUCCESS
Entering loop 931 of 1000
  SUCCESS
Entering loop 932 of 1000
  SUCCESS
Entering loop 933 of 1000
  SUCCESS
Entering loop 934 of 1000
  SUCCESS
Entering loop 935 of 1000
  SUCCESS
Entering loop 936 of 1000
  SUCCESS
Entering loop 937 of 1000
  SUCCESS
Entering loop 938 of 1000
  SUCCESS
Entering loop 939 of 1000
  SUCCESS
Entering loop 940 of 1000
  SUCCESS
Entering loop 941 of 1000
  SUCCESS
Entering loop 942 of 1000
  SUCCESS
Entering loop 943 of 1000
  SUCCESS
Entering loop 944 of 1000
  SUCCESS
Entering loop 945 of 1000
  SUCCESS
Entering loop 946 of 1000
  SUCCESS
Entering loop 947 of 1000
  SUCCESS
Entering loop 948 of 1000
  SUCCESS
Entering loop 949 of 1000
  SUCCESS
Entering loop 950 of 1000
  SUCCESS
Entering loop 951 of 1000
  SUCCESS
Entering loop 952 of 1000
  SUCCESS
Entering loop 953 of 1000
  SUCCESS
Entering loop 954 of 1000
  SUCCESS
Entering loop 955 of 1000
  SUCCESS
Entering loop 956 of 1000
  SUCCESS
Entering loop 957 of 1000
  SUCCESS
Entering loop 958 of 1000
  SUCCESS
Entering loop 959 of 1000
  SUCCESS
Entering loop 960 of 1000
  SUCCESS
Entering loop 961 of 1000
  SUCCESS
Entering loop 962 of 1000
  SUCCESS
Entering loop 963 of 1000
  SUCCESS
Entering loop 964 of 1000
  SUCCESS
Entering loop 965 of 1000
  SUCCESS
Entering loop 966 of 1000
  SUCCESS
Entering loop 967 of 1000
  SUCCESS
Entering loop 968 of 1000
  SUCCESS
Entering loop 969 of 1000
  SUCCESS
Entering loop 970 of 1000
  SUCCESS
Entering loop 971 of 1000
  SUCCESS
Entering loop 972 of 1000
  SUCCESS
Entering loop 973 of 1000
  SUCCESS
Entering loop 974 of 1000
  SUCCESS
Entering loop 975 of 1000
  SUCCESS
Entering loop 976 of 1000
  SUCCESS
Entering loop 977 of 1000
  SUCCESS
Entering loop 978 of 1000
  SUCCESS
Entering loop 979 of 1000
  SUCCESS
Entering loop 980 of 1000
  SUCCESS
Entering loop 981 of 1000
  SUCCESS
Entering loop 982 of 1000
  SUCCESS
Entering loop 983 of 1000
  SUCCESS
Entering loop 984 of 1000
  SUCCESS
Entering loop 985 of 1000
  SUCCESS
Entering loop 986 of 1000
  SUCCESS
Entering loop 987 of 1000
  SUCCESS
Entering loop 988 of 1000
  SUCCESS
Entering loop 989 of 1000
  SUCCESS
Entering loop 990 of 1000
  SUCCESS
Entering loop 991 of 1000
  SUCCESS
Entering loop 992 of 1000
  SUCCESS
Entering loop 993 of 1000
  SUCCESS
Entering loop 994 of 1000
  SUCCESS
Entering loop 995 of 1000
  SUCCESS
Entering loop 996 of 1000
  SUCCESS
Entering loop 997 of 1000
  SUCCESS
Entering loop 998 of 1000
  SUCCESS
Entering loop 999 of 1000
  SUCCESS
Done.
Wed 17 Apr 2013 00:58:56 BST
Completed REST Batch tests
Performing MLCP batch test
Wed 17 Apr 2013 01:02:56 BST
Wed 17 Apr 2013 01:05:31 BST
Completed MLCP batch test
